Component: ARM Compiler 5.06 update 6 (build 750) Tool: armlink [4d35ed]

==============================================================================

Section Cross References

    startup_stm32f103xb.o(STACK) refers (Special) to heapauxi.o(.text) for __use_two_region_memory
    startup_stm32f103xb.o(HEAP) refers (Special) to heapauxi.o(.text) for __use_two_region_memory
    startup_stm32f103xb.o(RESET) refers (Special) to heapauxi.o(.text) for __use_two_region_memory
    startup_stm32f103xb.o(RESET) refers to startup_stm32f103xb.o(STACK) for __initial_sp
    startup_stm32f103xb.o(RESET) refers to startup_stm32f103xb.o(.text) for Reset_Handler
    startup_stm32f103xb.o(RESET) refers to stm32f1xx_it.o(i.NMI_Handler) for NMI_Handler
    startup_stm32f103xb.o(RESET) refers to context_rvds.o(.text) for HardFault_Handler
    startup_stm32f103xb.o(RESET) refers to stm32f1xx_it.o(i.MemManage_Handler) for MemManage_Handler
    startup_stm32f103xb.o(RESET) refers to stm32f1xx_it.o(i.BusFault_Handler) for BusFault_Handler
    startup_stm32f103xb.o(RESET) refers to stm32f1xx_it.o(i.UsageFault_Handler) for UsageFault_Handler
    startup_stm32f103xb.o(RESET) refers to stm32f1xx_it.o(i.DebugMon_Handler) for DebugMon_Handler
    startup_stm32f103xb.o(RESET) refers to board.o(i.SysTick_Handler) for SysTick_Handler
    startup_stm32f103xb.o(.text) refers (Special) to heapauxi.o(.text) for __use_two_region_memory
    startup_stm32f103xb.o(.text) refers to system_stm32f1xx.o(i.SystemInit) for SystemInit
    startup_stm32f103xb.o(.text) refers to __main.o(!!!main) for __main
    startup_stm32f103xb.o(.text) refers to startup_stm32f103xb.o(HEAP) for Heap_Mem
    startup_stm32f103xb.o(.text) refers to startup_stm32f103xb.o(STACK) for Stack_Mem
    main.o(i.SystemClock_Config) refers to rt_memclr_w.o(.text) for __aeabi_memclr4
    main.o(i.SystemClock_Config) refers to stm32f1xx_hal_rcc.o(i.HAL_RCC_OscConfig) for HAL_RCC_OscConfig
    main.o(i.SystemClock_Config) refers to stm32f1xx_hal_rcc.o(i.HAL_RCC_ClockConfig) for HAL_RCC_ClockConfig
    main.o(i.main) refers to stm32f1xx_hal.o(i.HAL_Init) for HAL_Init
    main.o(i.main) refers to main.o(i.SystemClock_Config) for SystemClock_Config
    main.o(i.main) refers to gpio.o(i.MX_GPIO_Init) for MX_GPIO_Init
    main.o(i.main) refers to usart.o(i.MX_USART1_UART_Init) for MX_USART1_UART_Init
    main.o(i.main) refers to app_rt_thread.o(i.MX_RT_Thread_Init) for MX_RT_Thread_Init
    main.o(i.main) refers to stm32f1xx_hal_gpio.o(i.HAL_GPIO_TogglePin) for HAL_GPIO_TogglePin
    main.o(i.main) refers to thread.o(i.rt_thread_mdelay) for rt_thread_mdelay
    gpio.o(i.MX_GPIO_Init) refers to stm32f1xx_hal_gpio.o(i.HAL_GPIO_WritePin) for HAL_GPIO_WritePin
    gpio.o(i.MX_GPIO_Init) refers to stm32f1xx_hal_gpio.o(i.HAL_GPIO_Init) for HAL_GPIO_Init
    usart.o(i.HAL_UART_MspDeInit) refers to stm32f1xx_hal_gpio.o(i.HAL_GPIO_DeInit) for HAL_GPIO_DeInit
    usart.o(i.HAL_UART_MspInit) refers to stm32f1xx_hal_gpio.o(i.HAL_GPIO_Init) for HAL_GPIO_Init
    usart.o(i.MX_USART1_UART_Init) refers to stm32f1xx_hal_uart.o(i.HAL_UART_Init) for HAL_UART_Init
    usart.o(i.MX_USART1_UART_Init) refers to main.o(i.Error_Handler) for Error_Handler
    usart.o(i.MX_USART1_UART_Init) refers to usart.o(.bss) for .bss
    usart.o(i.fputc) refers to stm32f1xx_hal_uart.o(i.HAL_UART_Transmit) for HAL_UART_Transmit
    usart.o(i.fputc) refers to usart.o(.bss) for .bss
    app_rt_thread.o(i.MX_RT_Thread_Init) refers to thread.o(i.rt_thread_init) for rt_thread_init
    app_rt_thread.o(i.MX_RT_Thread_Init) refers to thread.o(i.rt_thread_startup) for rt_thread_startup
    app_rt_thread.o(i.MX_RT_Thread_Init) refers to app_rt_thread.o(.bss) for .bss
    app_rt_thread.o(i.MX_RT_Thread_Init) refers to app_rt_thread.o(i.led_task_entry) for led_task_entry
    app_rt_thread.o(i.MX_RT_Thread_Process) refers to noretval__2printf.o(.text) for __2printf
    app_rt_thread.o(i.MX_RT_Thread_Process) refers to thread.o(i.rt_thread_delay) for rt_thread_delay
    app_rt_thread.o(i.led_task_entry) refers to stm32f1xx_hal_gpio.o(i.HAL_GPIO_WritePin) for HAL_GPIO_WritePin
    app_rt_thread.o(i.led_task_entry) refers to thread.o(i.rt_thread_delay) for rt_thread_delay
    stm32f1xx_hal.o(i.HAL_DeInit) refers to stm32f1xx_hal.o(i.HAL_MspDeInit) for HAL_MspDeInit
    stm32f1xx_hal.o(i.HAL_Delay) refers to stm32f1xx_hal.o(i.HAL_GetTick) for HAL_GetTick
    stm32f1xx_hal.o(i.HAL_Delay) refers to stm32f1xx_hal.o(.data) for .data
    stm32f1xx_hal.o(i.HAL_GetTick) refers to stm32f1xx_hal.o(.data) for .data
    stm32f1xx_hal.o(i.HAL_GetTickFreq) refers to stm32f1xx_hal.o(.data) for .data
    stm32f1xx_hal.o(i.HAL_GetTickPrio) refers to stm32f1xx_hal.o(.data) for .data
    stm32f1xx_hal.o(i.HAL_IncTick) refers to stm32f1xx_hal.o(.data) for .data
    stm32f1xx_hal.o(i.HAL_Init) refers to stm32f1xx_hal_cortex.o(i.HAL_NVIC_SetPriorityGrouping) for HAL_NVIC_SetPriorityGrouping
[...]
    i.HAL_UART_Init                          0x08000e04   Section        0  stm32f1xx_hal_uart.o(i.HAL_UART_Init)
    i.HAL_UART_MspInit                       0x08000e68   Section        0  usart.o(i.HAL_UART_MspInit)
    i.HAL_UART_Transmit                      0x08000ed8   Section        0  stm32f1xx_hal_uart.o(i.HAL_UART_Transmit)
    i.MX_GPIO_Init                           0x08000f8c   Section        0  gpio.o(i.MX_GPIO_Init)
    i.MX_RT_Thread_Init                      0x08000ffc   Section        0  app_rt_thread.o(i.MX_RT_Thread_Init)
    i.MX_USART1_UART_Init                    0x08001030   Section        0  usart.o(i.MX_USART1_UART_Init)
    i.MemManage_Handler                      0x08001068   Section        0  stm32f1xx_it.o(i.MemManage_Handler)
    i.NMI_Handler                            0x0800106a   Section        0  stm32f1xx_it.o(i.NMI_Handler)
    i.SysTick_Handler                        0x0800106c   Section        0  board.o(i.SysTick_Handler)
    i.SystemClock_Config                     0x0800107e   Section        0  main.o(i.SystemClock_Config)
    i.SystemCoreClockUpdate                  0x080010dc   Section        0  system_stm32f1xx.o(i.SystemCoreClockUpdate)
    i.SystemInit                             0x08001144   Section        0  system_stm32f1xx.o(i.SystemInit)
    i.UART_SetConfig                         0x08001148   Section        0  stm32f1xx_hal_uart.o(i.UART_SetConfig)
    UART_SetConfig                           0x08001149   Thumb Code   178  stm32f1xx_hal_uart.o(i.UART_SetConfig)
    i.UART_WaitOnFlagUntilTimeout            0x08001200   Section        0  stm32f1xx_hal_uart.o(i.UART_WaitOnFlagUntilTimeout)
    UART_WaitOnFlagUntilTimeout              0x08001201   Thumb Code   100  stm32f1xx_hal_uart.o(i.UART_WaitOnFlagUntilTimeout)
    i.UsageFault_Handler                     0x08001264   Section        0  stm32f1xx_it.o(i.UsageFault_Handler)
    i.__NVIC_SetPriority                     0x08001266   Section        0  stm32f1xx_hal_cortex.o(i.__NVIC_SetPriority)
    __NVIC_SetPriority                       0x08001267   Thumb Code    32  stm32f1xx_hal_cortex.o(i.__NVIC_SetPriority)
    i.__rt_ffs                               0x08001288   Section        0  kservice.o(i.__rt_ffs)
    i._msh_exec_cmd                          0x080012cc   Section        0  msh.o(i._msh_exec_cmd)
    _msh_exec_cmd                            0x080012cd   Thumb Code   140  msh.o(i._msh_exec_cmd)
    i._rt_thread_init                        0x08001368   Section        0  thread.o(i._rt_thread_init)
    _rt_thread_init                          0x08001369   Thumb Code   118  thread.o(i._rt_thread_init)
    i._rt_timer_remove                       0x080013e8   Section        0  timer.o(i._rt_timer_remove)
    _rt_timer_remove                         0x080013e9   Thumb Code     6  timer.o(i._rt_timer_remove)
    i._thread_cleanup_execute                0x080013ee   Section        0  thread.o(i._thread_cleanup_execute)
    _thread_cleanup_execute                  0x080013ef   Thumb Code    28  thread.o(i._thread_cleanup_execute)
    i.bus_fault_track                        0x0800140c   Section        0  cpuport.o(i.bus_fault_track)
    bus_fault_track                          0x0800140d   Thumb Code   110  cpuport.o(i.bus_fault_track)
    i.cmd_ps                                 0x080014f4   Section        0  msh.o(i.cmd_ps)
    i.finsh_get_prompt                       0x08001500   Section        0  shell.o(i.finsh_get_prompt)
    i.finsh_set_prompt_mode                  0x08001560   Section        0  shell.o(i.finsh_set_prompt_mode)
    i.finsh_system_function_init             0x08001574   Section        0  shell.o(i.finsh_system_function_init)
    i.finsh_system_init                      0x08001580   Section        0  shell.o(i.finsh_system_init)
    i.finsh_thread_entry                     0x080015f8   Section        0  shell.o(i.finsh_thread_entry)
    i.hard_fault_track                       0x08001884   Section        0  cpuport.o(i.hard_fault_track)
    hard_fault_track                         0x08001885   Thumb Code    76  cpuport.o(i.hard_fault_track)
    i.hello                                  0x080018fc   Section        0  cmd.o(i.hello)
    i.led_task_entry                         0x0800191c   Section        0  app_rt_thread.o(i.led_task_entry)
    i.list                                   0x0800194c   Section        0  cmd.o(i.list)
    i.list_find_init                         0x080019b0   Section        0  cmd.o(i.list_find_init)
    list_find_init                           0x080019b1   Thumb Code    36  cmd.o(i.list_find_init)
    i.list_get_next                          0x080019d4   Section        0  cmd.o(i.list_get_next)
    list_get_next                            0x080019d5   Thumb Code   102  cmd.o(i.list_get_next)
    i.list_sem                               0x08001a3c   Section        0  cmd.o(i.list_sem)
    i.list_thread                            0x08001b7c   Section        0  cmd.o(i.list_thread)
    i.list_timer                             0x08001d34   Section        0  cmd.o(i.list_timer)
    i.main                                   0x08001e74   Section        0  main.o(i.main)
    i.main_thread_entry                      0x08001ea8   Section        0  components.o(i.main_thread_entry)
    i.mem_manage_fault_track                 0x08001eb8   Section        0  cpuport.o(i.mem_manage_fault_track)
    mem_manage_fault_track                   0x08001eb9   Thumb Code    98  cpuport.o(i.mem_manage_fault_track)
    i.msh_auto_complete                      0x08001f90   Section        0  msh.o(i.msh_auto_complete)
    i.msh_exec                               0x0800203c   Section        0  msh.o(i.msh_exec)
    i.msh_help                               0x080020a0   Section        0  msh.o(i.msh_help)
    i.msh_is_used                            0x08002118   Section        0  msh.o(i.msh_is_used)
    i.msh_split                              0x0800211c   Section        0  msh.o(i.msh_split)
    msh_split                                0x0800211d   Thumb Code   172  msh.o(i.msh_split)
    i.object_split                           0x080021ec   Section        0  cmd.o(i.object_split)
    object_split                             0x080021ed   Thumb Code    18  cmd.o(i.object_split)
    i.print_number                           0x08002204   Section        0  kservice.o(i.print_number)
    print_number                             0x08002205   Thumb Code   300  kservice.o(i.print_number)
    i.rt_application_init                    0x08002334   Section        0  components.o(i.rt_application_init)
    i.rt_components_board_init               0x08002370   Section        0  components.o(i.rt_components_board_init)
    i.rt_components_init                     0x0800238c   Section        0  components.o(i.rt_components_init)
    i.rt_enter_critical                      0x080023a8   Section        0  scheduler.o(i.rt_enter_critical)
    i.rt_exit_critical                       0x080023c4   Section        0  scheduler.o(i.rt_exit_critical)
    i.rt_hw_board_init                       0x080023fc   Section        0  board.o(i.rt_hw_board_init)
    i.rt_hw_console_getchar                  0x08002424   Section        0  board.o(i.rt_hw_console_getchar)
    i.rt_hw_console_output                   0x0800244c   Section        0  board.o(i.rt_hw_console_output)
    i.rt_hw_hard_fault_exception             0x08002494   Section        0  cpuport.o(i.rt_hw_hard_fault_exception)
    i.rt_hw_stack_init                       0x08002690   Section        0  cpuport.o(i.rt_hw_stack_init)
    i.rt_interrupt_enter                     0x080026c8   Section        0  irq.o(i.rt_interrupt_enter)
    i.rt_interrupt_leave                     0x080026e4   Section        0  irq.o(i.rt_interrupt_leave)
    i.rt_kprintf                             0x08002700   Section        0  kservice.o(i.rt_kprintf)
    i.rt_list_insert_after                   0x08002720   Section        0  thread.o(i.rt_list_insert_after)
    rt_list_insert_after                     0x08002721   Thumb Code    14  thread.o(i.rt_list_insert_after)
    i.rt_list_insert_after                   0x0800272e   Section        0  timer.o(i.rt_list_insert_after)
    rt_list_insert_after                     0x0800272f   Thumb Code    14  timer.o(i.rt_list_insert_after)
    i.rt_list_len                            0x0800273c   Section        0  cmd.o(i.rt_list_len)
    rt_list_len                              0x0800273d   Thumb Code    18  cmd.o(i.rt_list_len)
    i.rt_list_remove                         0x0800274e   Section        0  thread.o(i.rt_list_remove)
    rt_list_remove                           0x0800274f   Thumb Code    18  thread.o(i.rt_list_remove)
    i.rt_list_remove                         0x08002760   Section        0  timer.o(i.rt_list_remove)
    rt_list_remove                           0x08002761   Thumb Code    18  timer.o(i.rt_list_remove)
    i.rt_memmove                             0x08002774   Section        0  kservice.o(i.rt_memmove)
    i.rt_memset                              0x080027a8   Section        0  kservice.o(i.rt_memset)
    i.rt_object_detach                       0x080027ee   Section        0  object.o(i.rt_object_detach)
    i.rt_object_get_information              0x08002814   Section        0  object.o(i.rt_object_get_information)
    i.rt_object_init                         0x08002838   Section        0  object.o(i.rt_object_init)
    i.rt_object_is_systemobject              0x0800288a   Section        0  object.o(i.rt_object_is_systemobject)
    i.rt_schedule                            0x08002898   Section        0  scheduler.o(i.rt_schedule)
    i.rt_schedule_insert_thread              0x080028f0   Section        0  scheduler.o(i.rt_schedule_insert_thread)
    i.rt_schedule_remove_thread              0x08002940   Section        0  scheduler.o(i.rt_schedule_remove_thread)
    i.rt_sem_init                            0x08002988   Section        0  ipc.o(i.rt_sem_init)
    i.rt_show_version                        0x080029ac   Section        0  kservice.o(i.rt_show_version)
    i.rt_strlen                              0x08002a5c   Section        0  kservice.o(i.rt_strlen)
    i.rt_strncpy                             0x08002a6c   Section        0  kservice.o(i.rt_strncpy)
    i.rt_system_scheduler_init               0x08002a94   Section        0  scheduler.o(i.rt_system_scheduler_init)
    i.rt_system_scheduler_start              0x08002ac8   Section        0  scheduler.o(i.rt_system_scheduler_start)
    i.rt_system_timer_init                   0x08002af0   Section        0  timer.o(i.rt_system_timer_init)
    i.rt_system_timer_thread_init            0x08002afc   Section        0  timer.o(i.rt_system_timer_thread_init)
    i.rt_thread_delay                        0x08002afe   Section        0  thread.o(i.rt_thread_delay)
    i.rt_thread_exit                         0x08002b04   Section        0  thread.o(i.rt_thread_exit)
    i.rt_thread_idle_entry                   0x08002b60   Section        0  idle.o(i.rt_thread_idle_entry)
    rt_thread_idle_entry                     0x08002b61   Thumb Code     2  idle.o(i.rt_thread_idle_entry)
    i.rt_thread_idle_init                    0x08002b64   Section        0  idle.o(i.rt_thread_idle_init)
    i.rt_thread_init                         0x08002b9c   Section        0  thread.o(i.rt_thread_init)
    i.rt_thread_mdelay                       0x08002bcc   Section        0  thread.o(i.rt_thread_mdelay)
    i.rt_thread_resume                       0x08002bda   Section        0  thread.o(i.rt_thread_resume)
    i.rt_thread_self                         0x08002c18   Section        0  thread.o(i.rt_thread_self)
    i.rt_thread_sleep                        0x08002c24   Section        0  thread.o(i.rt_thread_sleep)
    i.rt_thread_startup                      0x08002c64   Section        0  thread.o(i.rt_thread_startup)
    i.rt_thread_suspend                      0x08002c90   Section        0  thread.o(i.rt_thread_suspend)
    i.rt_thread_timeout                      0x08002cd2   Section        0  thread.o(i.rt_thread_timeout)
    i.rt_thread_yield                        0x08002cf4   Section        0  thread.o(i.rt_thread_yield)
    i.rt_tick_from_millisecond               0x08002d54   Section        0  clock.o(i.rt_tick_from_millisecond)
    i.rt_tick_get                            0x08002d88   Section        0  clock.o(i.rt_tick_get)
    i.rt_tick_increase                       0x08002d94   Section        0  clock.o(i.rt_tick_increase)
    i.rt_timer_check                         0x08002dc0   Section        0  timer.o(i.rt_timer_check)
    i.rt_timer_control                       0x08002e4c   Section        0  timer.o(i.rt_timer_control)
    i.rt_timer_detach                        0x08002e94   Section        0  timer.o(i.rt_timer_detach)
    i.rt_timer_init                          0x08002ebc   Section        0  timer.o(i.rt_timer_init)
    i.rt_timer_start                         0x08002eec   Section        0  timer.o(i.rt_timer_start)
    i.rt_timer_stop                          0x08002f70   Section        0  timer.o(i.rt_timer_stop)
    i.rt_vsnprintf                           0x08002fa0   Section        0  kservice.o(i.rt_vsnprintf)
    i.rti_board_end                          0x08003224   Section        0  components.o(i.rti_board_end)
    rti_board_end                            0x08003225   Thumb Code     4  components.o(i.rti_board_end)
    i.rti_board_start                        0x08003228   Section        0  components.o(i.rti_board_start)
    rti_board_start                          0x08003229   Thumb Code     4  components.o(i.rti_board_start)
    i.rti_end                                0x0800322c   Section        0  components.o(i.rti_end)
    rti_end                                  0x0800322d   Thumb Code     4  components.o(i.rti_end)
    i.rti_start                              0x08003230   Section        0  components.o(i.rti_start)
    rti_start                                0x08003231   Thumb Code     4  components.o(i.rti_start)
    i.rtthread_startup                       0x08003234   Section        0  components.o(i.rtthread_startup)
    i.skip_atoi                              0x0800325e   Section        0  kservice.o(i.skip_atoi)
    skip_atoi                                0x0800325f   Thumb Code    40  kservice.o(i.skip_atoi)
    i.uart_init                              0x08003288   Section        0  board.o(i.uart_init)
    uart_init                                0x08003289   Thumb Code    42  board.o(i.uart_init)
    i.usage_fault_track                      0x080032bc   Section        0  cpuport.o(i.usage_fault_track)
    usage_fault_track                        0x080032bd   Thumb Code   100  cpuport.o(i.usage_fault_track)
    i.version                                0x0800338c   Section        0  cmd.o(i.version)
    .constdata                               0x08003396   Section       16  system_stm32f1xx.o(.constdata)
    .constdata                               0x080033a6   Section        8  system_stm32f1xx.o(.constdata)
    .constdata                               0x080033ae   Section      290  kservice.o(.constdata)
    small_digits                             0x080034ae   Data          17  kservice.o(.constdata)
    large_digits                             0x080034bf   Data          17  kservice.o(.constdata)
    .conststring                             0x080034d0   Section       68  cmd.o(.conststring)
    .rodata.name                             0x08003514   Section        6  cmd.o(.rodata.name)
    .rodata.name                             0x0800351a   Section       16  cmd.o(.rodata.name)
    .rodata.name                             0x0800352a   Section        8  cmd.o(.rodata.name)
    .rodata.name                             0x08003532   Section       35  cmd.o(.rodata.name)
    .rodata.name                             0x08003555   Section       14  cmd.o(.rodata.name)
    .rodata.name                             0x08003563   Section       35  cmd.o(.rodata.name)
    .rodata.name                             0x08003586   Section       12  cmd.o(.rodata.name)
    .rodata.name                             0x08003592   Section       12  cmd.o(.rodata.name)
    .rodata.name                             0x0800359e   Section       18  cmd.o(.rodata.name)
    .rodata.name                             0x080035b0   Section       12  cmd.o(.rodata.name)
    .rodata.name                             0x080035bc   Section        9  cmd.o(.rodata.name)
    .rodata.name                             0x080035c5   Section       25  cmd.o(.rodata.name)
    .rodata.name                             0x080035de   Section       15  cmd.o(.rodata.name)
    .rodata.name                             0x080035ed   Section       25  cmd.o(.rodata.name)
    .rodata.name                             0x08003606   Section       11  cmd.o(.rodata.name)
    .rodata.name                             0x08003611   Section       21  cmd.o(.rodata.name)
    .rodata.name                             0x08003626   Section       17  cmd.o(.rodata.name)
    .rodata.name                             0x08003637   Section       21  cmd.o(.rodata.name)
    .rodata.name                             0x0800364c   Section        5  cmd.o(.rodata.name)
    .rodata.name                             0x08003651   Section       26  cmd.o(.rodata.name)
    .rodata.name                             0x0800366b   Section       11  msh.o(.rodata.name)
    .rodata.name                             0x08003676   Section       22  msh.o(.rodata.name)
    .rodata.name                             0x0800368c   Section        9  msh.o(.rodata.name)
    .rodata.name                             0x08003695   Section       28  msh.o(.rodata.name)
    .rti_fn.0                                0x080036b4   Section        4  components.o(.rti_fn.0)
    __tagsym$$used                           0x080036b4   Number         0  components.o(.rti_fn.0)
    .rti_fn.0.end                            0x080036b8   Section        4  components.o(.rti_fn.0.end)
    __tagsym$$used                           0x080036b8   Number         0  components.o(.rti_fn.0.end)
    .rti_fn.1                                0x080036bc   Section        4  board.o(.rti_fn.1)
    __tagsym$$used                           0x080036bc   Number         0  board.o(.rti_fn.1)
    .rti_fn.1.end                            0x080036c0   Section        4  components.o(.rti_fn.1.end)
    __tagsym$$used                           0x080036c0   Number         0  components.o(.rti_fn.1.end)
    .rti_fn.6                                0x080036c4   Section        4  shell.o(.rti_fn.6)
    __tagsym$$used                           0x080036c4   Number         0  shell.o(.rti_fn.6)
    .rti_fn.6.end                            0x080036c8   Section        4  components.o(.rti_fn.6.end)
    __tagsym$$used                           0x080036c8   Number         0  components.o(.rti_fn.6.end)
    FSymTab                                  0x080036cc   Section      120  cmd.o(FSymTab)
    __tagsym$$used                           0x080036cc   Number         0  cmd.o(FSymTab)
    __tagsym$$used                           0x080036d8   Number         0  cmd.o(FSymTab)
    __tagsym$$used                           0x080036e4   Number         0  cmd.o(FSymTab)
    __tagsym$$used                           0x080036f0   Number         0  cmd.o(FSymTab)
    __tagsym$$used                           0x080036fc   Number         0  cmd.o(FSymTab)
    __tagsym$$used                           0x08003708   Number         0  cmd.o(FSymTab)
    __tagsym$$used                           0x08003714   Number         0  cmd.o(FSymTab)
    __tagsym$$used                           0x08003720   Number         0  cmd.o(FSymTab)
    __tagsym$$used                           0x0800372c   Number         0  cmd.o(FSymTab)
    __tagsym$$used                           0x08003738   Number         0  cmd.o(FSymTab)
    FSymTab                                  0x08003744   Section       24  msh.o(FSymTab)
    __tagsym$$used                           0x08003744   Number         0  msh.o(FSymTab)
    __tagsym$$used                           0x08003750   Number         0  msh.o(FSymTab)
    .data                                    0x20000000   Section       12  stm32f1xx_hal.o(.data)
    .data                                    0x2000000c   Section        4  system_stm32f1xx.o(.data)
    .data                                    0x20000010   Section        4  clock.o(.data)
    rt_tick                                  0x20000010   Data           4  clock.o(.data)
    .data                                    0x20000014   Section        1  irq.o(.data)
    .data                                    0x20000018   Section       48  object.o(.data)
    rt_object_container                      0x20000018   Data          48  object.o(.data)
    .data                                    0x20000048   Section       20  scheduler.o(.data)
    rt_scheduler_lock_nest                   0x2000004a   Data           2  scheduler.o(.data)
    .data                                    0x2000005c   Section       12  timer.o(.data)
    random_nr                                0x2000005c   Data           4  timer.o(.data)
    rt_timer_list                            0x20000060   Data           8  timer.o(.data)
    .data                                    0x20000068   Section        4  cpuport.o(.data)
    rt_exception_hook                        0x20000068   Data           4  cpuport.o(.data)
    .data                                    0x2000006c   Section        4  cpuport.o(.data)
    .data                                    0x20000070   Section        4  cpuport.o(.data)
    .data                                    0x20000074   Section        4  cpuport.o(.data)
    .data                                    0x20000078   Section       24  shell.o(.data)
    finsh_prompt_custom                      0x20000088   Data           4  shell.o(.data)
    .bss                                     0x20000090   Section       68  usart.o(.bss)
    .bss                                     0x200000d4   Section      248  app_rt_thread.o(.bss)
    .bss                                     0x200001d0   Section     1144  components.o(.bss)
    main_stack                               0x200001d0   Data        1024  components.o(.bss)
    .bss                                     0x20000648   Section      248  idle.o(.bss)
    idle                                     0x20000648   Data         120  idle.o(.bss)
    rt_thread_stack                          0x200006c0   Data         128  idle.o(.bss)
    .bss                                     0x20000740   Section      128  kservice.o(.bss)
    rt_log_buf                               0x20000740   Data         128  kservice.o(.bss)
    .bss                                     0x200007c0   Section      256  scheduler.o(.bss)
    .bss                                     0x200008c0   Section       68  board.o(.bss)
    UartHandle                               0x200008c0   Data          68  board.o(.bss)
    .bss                                     0x20000904   Section     1396  shell.o(.bss)
    finsh_prompt                             0x20000904   Data         129  shell.o(.bss)
    finsh_thread                             0x20000988   Data         120  shell.o(.bss)
    finsh_thread_stack                       0x20000a00   Data        1024  shell.o(.bss)
    .bss                                     0x20000e78   Section       96  libspace.o(.bss)
    HEAP                                     0x20000ed8   Section      512  startup_stm32f103xb.o(HEAP)
    Heap_Mem                                 0x20000ed8   Data         512  startup_stm32f103xb.o(HEAP)
    STACK                                    0x200010d8   Section     1024  startup_stm32f103xb.o(STACK)
    Stack_Mem                                0x200010d8   Data        1024  startup_stm32f103xb.o(STACK)
    __initial_sp                             0x200014d8   Data           0  startup_stm32f103xb.o(STACK)

    Global Symbols

    Symbol Name                              Value     Ov Type        Size  Object(Section)

    BuildAttributes$$THM_ISAv4$P$D$K$B$S$PE$A:L22UL41UL21$X:L11$S22US41US21$IEEE1$IW$USESV6$~STKCKD$USESV7$~SHL$OTIME$ROPI$EBA8$UX$STANDARDLIB$REQ8$PRES8$EABIv2 0x00000000   Number         0  anon$$obj.o ABSOLUTE
    __ARM_use_no_argv                        0x00000000   Number         0  main.o ABSOLUTE
    __ARM_exceptions_init                     - Undefined Weak Reference
    __alloca_initialize                       - Undefined Weak Reference
    __arm_preinit_                            - Undefined Weak Reference
    __cpp_initialize__aeabi_                  - Undefined Weak Reference
    __cxa_finalize                            - Undefined Weak Reference
    __rt_locale                               - Undefined Weak Reference
    __sigvec_lookup                           - Undefined Weak Reference
    __user_heap_extent                        - Undefined Weak Reference
    _atexit_init                              - Undefined Weak Reference
    _call_atexit_fns                          - Undefined Weak Reference
    _clock_init                               - Undefined Weak Reference
    _fp_trap_init                             - Undefined Weak Reference
    _fp_trap_shutdown                         - Undefined Weak Reference
    _get_lc_collate                           - Undefined Weak Reference
    _get_lc_ctype                             - Undefined Weak Reference
    _get_lc_monetary                          - Undefined Weak Reference
    _get_lc_numeric                           - Undefined Weak Reference
    _get_lc_time                              - Undefined Weak Reference
    _getenv_init                              - Undefined Weak Reference
    _handle_redirection                       - Undefined Weak Reference
    _mutex_acquire                            - Undefined Weak Reference
    _mutex_free                               - Undefined Weak Reference
    _mutex_release                            - Undefined Weak Reference
    _rand_init                                - Undefined Weak Reference
    _signal_finish                            - Undefined Weak Reference
    _signal_init                              - Undefined Weak Reference
    __Vectors_Size                           0x000000ec   Number         0  startup_stm32f103xb.o ABSOLUTE
    __Vectors                                0x08000000   Data           4  startup_stm32f103xb.o(RESET)
    __Vectors_End                            0x080000ec   Data           0  startup_stm32f103xb.o(RESET)
    __main                                   0x080000ed   Thumb Code     8  __main.o(!!!main)
    __scatterload                            0x080000f5   Thumb Code     0  __scatter.o(!!!scatter)
    __scatterload_rt2                        0x080000f5   Thumb Code    44  __scatter.o(!!!scatter)
    __scatterload_rt2_thumb_only             0x080000f5   Thumb Code     0  __scatter.o(!!!scatter)
    __scatterload_null                       0x08000103   Thumb Code     0  __scatter.o(!!!scatter)
    __scatterload_copy                       0x08000129   Thumb Code    26  __scatter_copy.o(!!handler_copy)
    __scatterload_zeroinit                   0x08000145   Thumb Code    28  __scatter_zi.o(!!handler_zi)
    __rt_lib_init                            0x08000161   Thumb Code     0  libinit.o(.ARM.Collect$$libinit$$00000000)
    __rt_lib_init_alloca_1                   0x08000163   Thumb Code     0  libinit2.o(.ARM.Collect$$libinit$$0000002E)
    __rt_lib_init_argv_1                     0x08000163   Thumb Code     0  libinit2.o(.ARM.Collect$$libinit$$0000002C)
    __rt_lib_init_atexit_1                   0x08000163   Thumb Code     0  libinit2.o(.ARM.Collect$$libinit$$0000001B)
    __rt_lib_init_clock_1                    0x08000163   Thumb Code     0  libinit2.o(.ARM.Collect$$libinit$$00000021)
    __rt_lib_init_cpp_1                      0x08000163   Thumb Code     0  libinit2.o(.ARM.Collect$$libinit$$00000032)
    __rt_lib_init_exceptions_1               0x08000163   Thumb Code     0  libinit2.o(.ARM.Collect$$libinit$$00000030)
    __rt_lib_init_fp_1                       0x08000163   Thumb Code     0  libinit2.o(.ARM.Collect$$libinit$$00000002)
    __rt_lib_init_fp_trap_1                  0x08000163   Thumb Code     0  libinit2.o(.ARM.Collect$$libinit$$0000001F)
    __rt_lib_init_getenv_1                   0x08000163   Thumb Code     0  libinit2.o(.ARM.Collect$$libinit$$00000023)
    __rt_lib_init_heap_1                     0x08000163   Thumb Code     0  libinit2.o(.ARM.Collect$$libinit$$0000000A)
    __rt_lib_init_lc_collate_1               0x08000163   Thumb Code     0  libinit2.o(.ARM.Collect$$libinit$$00000011)
    __rt_lib_init_lc_ctype_1                 0x08000163   Thumb Code     0  libinit2.o(.ARM.Collect$$libinit$$00000013)
    __rt_lib_init_lc_monetary_1              0x08000163   Thumb Code     0  libinit2.o(.ARM.Collect$$libinit$$00000015)
    __rt_lib_init_lc_numeric_1               0x08000163   Thumb Code     0  libinit2.o(.ARM.Collect$$libinit$$00000017)
    __rt_lib_init_lc_time_1                  0x08000163   Thumb Code     0  libinit2.o(.ARM.Collect$$libinit$$00000019)
    __rt_lib_init_preinit_1                  0x08000163   Thumb Code     0  libinit2.o(.ARM.Collect$$libinit$$00000004)
    __rt_lib_init_rand_1                     0x08000163   Thumb Code     0  libinit2.o(.ARM.Collect$$libinit$$0000000E)
    __rt_lib_init_return                     0x08000163   Thumb Code     0  libinit2.o(.ARM.Collect$$libinit$$00000033)
    __rt_lib_init_signal_1                   0x08000163   Thumb Code     0  libinit2.o(.ARM.Collect$$libinit$$0000001D)
    __rt_lib_init_stdio_1                    0x08000163   Thumb Code     0  libinit2.o(.ARM.Collect$$libinit$$00000025)
    __rt_lib_init_user_alloc_1               0x08000163   Thumb Code     0  libinit2.o(.ARM.Collect$$libinit$$0000000C)
    __rt_lib_shutdown                        0x08000165   Thumb Code     0  libshutdown.o(.ARM.Collect$$libshutdown$$00000000)
    __rt_lib_shutdown_cpp_1                  0x08000167   Thumb Code     0  libshutdown2.o(.ARM.Collect$$libshutdown$$00000002)
    __rt_lib_shutdown_fp_trap_1              0x08000167   Thumb Code     0  libshutdown2.o(.ARM.Collect$$libshutdown$$00000007)
    __rt_lib_shutdown_heap_1                 0x08000167   Thumb Code     0  libshutdown2.o(.ARM.Collect$$libshutdown$$0000000F)
    __rt_lib_shutdown_return                 0x08000167   Thumb Code     0  libshutdown2.o(.ARM.Collect$$libshutdown$$00000010)
    __rt_lib_shutdown_signal_1               0x08000167   Thumb Code     0  libshutdown2.o(.ARM.Collect$$libshutdown$$0000000A)
    __rt_lib_shutdown_stdio_1                0x08000167   Thumb Code     0  libshutdown2.o(.ARM.Collect$$libshutdown$$00000004)
    __rt_lib_shutdown_user_alloc_1           0x08000167   Thumb Code     0  libshutdown2.o(.ARM.Collect$$libshutdown$$0000000C)
    __rt_entry                               0x08000169   Thumb Code     0  __rtentry.o(.ARM.Collect$$rtentry$$00000000)
    __rt_entry_presh_1                       0x08000169   Thumb Code     0  __rtentry2.o(.ARM.Collect$$rtentry$$00000002)
    __rt_entry_sh                            0x08000169   Thumb Code     0  __rtentry4.o(.ARM.Collect$$rtentry$$00000004)
    __rt_entry_li                            0x0800016f   Thumb Code     0  __rtentry2.o(.ARM.Collect$$rtentry$$0000000A)
    __rt_entry_postsh_1                      0x0800016f   Thumb Code     0  __rtentry2.o(.ARM.Collect$$rtentry$$00000009)
    __rt_entry_main                          0x08000173   Thumb Code     0  __rtentry2.o(.ARM.Collect$$rtentry$$0000000D)
    __rt_entry_postli_1                      0x08000173   Thumb Code     0  __rtentry2.o(.ARM.Collect$$rtentry$$0000000C)
    __rt_exit                                0x0800017b   Thumb Code     0  rtexit.o(.ARM.Collect$$rtexit$$00000000)
    __rt_exit_ls                             0x0800017d   Thumb Code     0  rtexit2.o(.ARM.Collect$$rtexit$$00000003)
    __rt_exit_prels_1                        0x0800017d   Thumb Code     0  rtexit2.o(.ARM.Collect$$rtexit$$00000002)
    __rt_exit_exit                           0x08000181   Thumb Code     0  rtexit2.o(.ARM.Collect$$rtexit$$00000004)
    Reset_Handler                            0x08000189   Thumb Code     8  startup_stm32f103xb.o(.text)
    SVC_Handler                              0x0800019b   Thumb Code     2  startup_stm32f103xb.o(.text)
    ADC1_2_IRQHandler                        0x080001a3   Thumb Code     0  startup_stm32f103xb.o(.text)
    CAN1_RX1_IRQHandler                      0x080001a3   Thumb Code     0  startup_stm32f103xb.o(.text)
    CAN1_SCE_IRQHandler                      0x080001a3   Thumb Code     0  startup_stm32f103xb.o(.text)
    DMA1_Channel1_IRQHandler                 0x080001a3   Thumb Code     0  startup_stm32f103xb.o(.text)
    DMA1_Channel2_IRQHandler                 0x080001a3   Thumb Code     0  startup_stm32f103xb.o(.text)
    DMA1_Channel3_IRQHandler                 0x080001a3   Thumb Code     0  startup_stm32f103xb.o(.text)
    DMA1_Channel4_IRQHandler                 0x080001a3   Thumb Code     0  startup_stm32f103xb.o(.text)
    DMA1_Channel5_IRQHandler                 0x080001a3   Thumb Code     0  startup_stm32f103xb.o(.text)
    DMA1_Channel6_IRQHandler                 0x080001a3   Thumb Code     0  startup_stm32f103xb.o(.text)
    DMA1_Channel7_IRQHandler                 0x080001a3   Thumb Code     0  startup_stm32f103xb.o(.text)
    EXTI0_IRQHandler                         0x080001a3   Thumb Code     0  startup_stm32f103xb.o(.text)
    EXTI15_10_IRQHandler                     0x080001a3   Thumb Code     0  startup_stm32f103xb.o(.text)
    EXTI1_IRQHandler                         0x080001a3   Thumb Code     0  startup_stm32f103xb.o(.text)
    EXTI2_IRQHandler                         0x080001a3   Thumb Code     0  startup_stm32f103xb.o(.text)
    EXTI3_IRQHandler                         0x080001a3   Thumb Code     0  startup_stm32f103xb.o(.text)
    EXTI4_IRQHandler                         0x080001a3   Thumb Code     0  startup_stm32f103xb.o(.text)
    EXTI9_5_IRQHandler                       0x080001a3   Thumb Code     0  startup_stm32f103xb.o(.text)
    FLASH_IRQHandler                         0x080001a3   Thumb Code     0  startup_stm32f103xb.o(.text)
    I2C1_ER_IRQHandler                       0x080001a3   Thumb Code     0  startup_stm32f103xb.o(.text)
    I2C1_EV_IRQHandler                       0x080001a3   Thumb Code     0  startup_stm32f103xb.o(.text)
    I2C2_ER_IRQHandler                       0x080001a3   Thumb Code     0  startup_stm32f103xb.o(.text)
    I2C2_EV_IRQHandler                       0x080001a3   Thumb Code     0  startup_stm32f103xb.o(.text)
    PVD_IRQHandler                           0x080001a3   Thumb Code     0  startup_stm32f103xb.o(.text)
    RCC_IRQHandler                           0x080001a3   Thumb Code     0  startup_stm32f103xb.o(.text)
    RTC_Alarm_IRQHandler                     0x080001a3   Thumb Code     0  startup_stm32f103xb.o(.text)
    RTC_IRQHandler                           0x080001a3   Thumb Code     0  startup_stm32f103xb.o(.text)
    SPI1_IRQHandler                          0x080001a3   Thumb Code     0  startup_stm32f103xb.o(.text)
    SPI2_IRQHandler                          0x080001a3   Thumb Code     0  startup_stm32f103xb.o(.text)
    TAMPER_IRQHandler                        0x080001a3   Thumb Code     0  startup_stm32f103xb.o(.text)
    TIM1_BRK_IRQHandler                      0x080001a3   Thumb Code     0  startup_stm32f103xb.o(.text)
    TIM1_CC_IRQHandler                       0x080001a3   Thumb Code     0  startup_stm32f103xb.o(.text)
    TIM1_TRG_COM_IRQHandler                  0x080001a3   Thumb Code     0  startup_stm32f103xb.o(.text)
    TIM1_UP_IRQHandler                       0x080001a3   Thumb Code     0  startup_stm32f103xb.o(.text)
    TIM2_IRQHandler                          0x080001a3   Thumb Code     0  startup_stm32f103xb.o(.text)
    TIM3_IRQHandler                          0x080001a3   Thumb Code     0  startup_stm32f103xb.o(.text)
    TIM4_IRQHandler                          0x080001a3   Thumb Code     0  startup_stm32f103xb.o(.text)
    USART1_IRQHandler                        0x080001a3   Thumb Code     0  startup_stm32f103xb.o(.text)
    USART2_IRQHandler                        0x080001a3   Thumb Code     0  startup_stm32f103xb.o(.text)
    USART3_IRQHandler                        0x080001a3   Thumb Code     0  startup_stm32f103xb.o(.text)
    USBWakeUp_IRQHandler                     0x080001a3   Thumb Code     0  startup_stm32f103xb.o(.text)
    USB_HP_CAN1_TX_IRQHandler                0x080001a3   Thumb Code     0  startup_stm32f103xb.o(.text)
    USB_LP_CAN1_RX0_IRQHandler               0x080001a3   Thumb Code     0  startup_stm32f103xb.o(.text)
    WWDG_IRQHandler                          0x080001a3   Thumb Code     0  startup_stm32f103xb.o(.text)
    __user_initial_stackheap                 0x080001a5   Thumb Code     0  startup_stm32f103xb.o(.text)
    rt_hw_interrupt_disable                  0x080001c9   Thumb Code     8  context_rvds.o(.text)
    rt_hw_interrupt_enable                   0x080001d1   Thumb Code     6  context_rvds.o(.text)
    rt_hw_context_switch                     0x080001d7   Thumb Code    32  context_rvds.o(.text)
    rt_hw_context_switch_interrupt           0x080001d7   Thumb Code     0  context_rvds.o(.text)
    PendSV_Handler                           0x080001f7   Thumb Code    60  context_rvds.o(.text)
    rt_hw_context_switch_to                  0x08000233   Thumb Code    56  context_rvds.o(.text)
    rt_hw_interrupt_thread_switch            0x0800026b   Thumb Code     2  context_rvds.o(.text)
    HardFault_Handler                        0x0800026d   Thumb Code    52  context_rvds.o(.text)
    strcpy                                   0x080002bd   Thumb Code    72  strcpy.o(.text)
    strlen                                   0x08000305   Thumb Code    62  strlen.o(.text)
    strncmp                                  0x08000343   Thumb Code   150  strncmp.o(.text)
    strcat                                   0x080003d9   Thumb Code    24  strcat.o(.text)
    __aeabi_memcpy4                          0x080003f1   Thumb Code     0  rt_memcpy_w.o(.text)
    __aeabi_memcpy8                          0x080003f1   Thumb Code     0  rt_memcpy_w.o(.text)
    __rt_memcpy_w                            0x080003f1   Thumb Code   100  rt_memcpy_w.o(.text)
    _memcpy_lastbytes_aligned                0x08000439   Thumb Code     0  rt_memcpy_w.o(.text)
    __aeabi_memclr                           0x08000455   Thumb Code     0  rt_memclr.o(.text)
    __rt_memclr                              0x08000455   Thumb Code    68  rt_memclr.o(.text)
    _memset                                  0x08000459   Thumb Code     0  rt_memclr.o(.text)
    __aeabi_memclr4                          0x08000499   Thumb Code     0  rt_memclr_w.o(.text)
    __aeabi_memclr8                          0x08000499   Thumb Code     0  rt_memclr_w.o(.text)
    __rt_memclr_w                            0x08000499   Thumb Code    78  rt_memclr_w.o(.text)
    _memset_w                                0x0800049d   Thumb Code     0  rt_memclr_w.o(.text)
    strncpy                                  0x080004e7   Thumb Code    86  strncpy.o(.text)
    __use_two_region_memory                  0x0800053d   Thumb Code     2  heapauxi.o(.text)
    __rt_heap_escrow                         0x0800053f   Thumb Code     2  heapauxi.o(.text)
    __rt_heap_expand                         0x08000541   Thumb Code     2  heapauxi.o(.text)
    __user_setup_stackheap                   0x08000543   Thumb Code    74  sys_stackheap_outer.o(.text)
    exit                                     0x0800058d   Thumb Code    18  exit.o(.text)
    __user_libspace                          0x080005a1   Thumb Code     8  libspace.o(.text)
    __user_perproc_libspace                  0x080005a1   Thumb Code     0  libspace.o(.text)
    __user_perthread_libspace                0x080005a1   Thumb Code     0  libspace.o(.text)
    __I$use$semihosting                      0x080005a9   Thumb Code     0  use_no_semi.o(.text)
    __use_no_semihosting_swi                 0x080005a9   Thumb Code     2  use_no_semi.o(.text)
    __semihosting_library_function           0x080005ab   Thumb Code     0  indicate_semi.o(.text)
    _sys_exit                                0x080005ad   Thumb Code     8  sys_exit.o(.text)
    main                                     0x080005b9   Thumb Code    10  components.o(i.$Sub$$main)
    BusFault_Handler                         0x080005c3   Thumb Code     2  stm32f1xx_it.o(i.BusFault_Handler)
    DebugMon_Handler                         0x080005c5   Thumb Code     2  stm32f1xx_it.o(i.DebugMon_Handler)
    Error_Handler                            0x080005c7   Thumb Code     4  main.o(i.Error_Handler)
    HAL_GPIO_Init                            0x080005cd   Thumb Code   446  stm32f1xx_hal_gpio.o(i.HAL_GPIO_Init)
    HAL_GPIO_TogglePin                       0x080007ad   Thumb Code    16  stm32f1xx_hal_gpio.o(i.HAL_GPIO_TogglePin)
    HAL_GPIO_WritePin                        0x080007bd   Thumb Code    10  stm32f1xx_hal_gpio.o(i.HAL_GPIO_WritePin)
    HAL_GetTick                              0x080007c9   Thumb Code     6  stm32f1xx_hal.o(i.HAL_GetTick)
    HAL_Init                                 0x080007d5   Thumb Code    32  stm32f1xx_hal.o(i.HAL_Init)
    HAL_InitTick                             0x080007f9   Thumb Code    54  stm32f1xx_hal.o(i.HAL_InitTick)
    HAL_MspInit                              0x08000839   Thumb Code    52  stm32f1xx_hal_msp.o(i.HAL_MspInit)
    HAL_NVIC_SetPriority                     0x08000875   Thumb Code    60  stm32f1xx_hal_cortex.o(i.HAL_NVIC_SetPriority)
    HAL_NVIC_SetPriorityGrouping             0x080008b5   Thumb Code    26  stm32f1xx_hal_cortex.o(i.HAL_NVIC_SetPriorityGrouping)
    HAL_RCC_ClockConfig                      0x080008d9   Thumb Code   280  stm32f1xx_hal_rcc.o(i.HAL_RCC_ClockConfig)
    HAL_RCC_GetHCLKFreq                      0x08000a05   Thumb Code     6  stm32f1xx_hal_rcc.o(i.HAL_RCC_GetHCLKFreq)
    HAL_RCC_GetPCLK1Freq                     0x08000a11   Thumb Code    20  stm32f1xx_hal_rcc.o(i.HAL_RCC_GetPCLK1Freq)
    HAL_RCC_GetPCLK2Freq                     0x08000a31   Thumb Code    20  stm32f1xx_hal_rcc.o(i.HAL_RCC_GetPCLK2Freq)
    HAL_RCC_GetSysClockFreq                  0x08000a51   Thumb Code    74  stm32f1xx_hal_rcc.o(i.HAL_RCC_GetSysClockFreq)
    HAL_RCC_OscConfig                        0x08000abd   Thumb Code   778  stm32f1xx_hal_rcc.o(i.HAL_RCC_OscConfig)
    HAL_SYSTICK_Config                       0x08000ddd   Thumb Code    40  stm32f1xx_hal_cortex.o(i.HAL_SYSTICK_Config)
    HAL_UART_Init                            0x08000e05   Thumb Code    98  stm32f1xx_hal_uart.o(i.HAL_UART_Init)
    HAL_UART_MspInit                         0x08000e69   Thumb Code   100  usart.o(i.HAL_UART_MspInit)
    HAL_UART_Transmit                        0x08000ed9   Thumb Code   178  stm32f1xx_hal_uart.o(i.HAL_UART_Transmit)
    MX_GPIO_Init                             0x08000f8d   Thumb Code   104  gpio.o(i.MX_GPIO_Init)
    MX_RT_Thread_Init                        0x08000ffd   Thumb Code    40  app_rt_thread.o(i.MX_RT_Thread_Init)
    MX_USART1_UART_Init                      0x08001031   Thumb Code    48  usart.o(i.MX_USART1_UART_Init)
    MemManage_Handler                        0x08001069   Thumb Code     2  stm32f1xx_it.o(i.MemManage_Handler)
    NMI_Handler                              0x0800106b   Thumb Code     2  stm32f1xx_it.o(i.NMI_Handler)
    SysTick_Handler                          0x0800106d   Thumb Code    18  board.o(i.SysTick_Handler)
    SystemClock_Config                       0x0800107f   Thumb Code    94  main.o(i.SystemClock_Config)
    SystemCoreClockUpdate                    0x080010dd   Thumb Code    82  system_stm32f1xx.o(i.SystemCoreClockUpdate)
    SystemInit                               0x08001145   Thumb Code     2  system_stm32f1xx.o(i.SystemInit)
    UsageFault_Handler                       0x08001265   Thumb Code     2  stm32f1xx_it.o(i.UsageFault_Handler)
    __rt_ffs                                 0x08001289   Thumb Code    62  kservice.o(i.__rt_ffs)
    cmd_ps                                   0x080014f5   Thumb Code    10  msh.o(i.cmd_ps)
    finsh_get_prompt                         0x08001501   Thumb Code    66  shell.o(i.finsh_get_prompt)
    finsh_set_prompt_mode                    0x08001561   Thumb Code    16  shell.o(i.finsh_set_prompt_mode)
    finsh_system_function_init               0x08001575   Thumb Code     8  shell.o(i.finsh_system_function_init)
    finsh_system_init                        0x08001581   Thumb Code    82  shell.o(i.finsh_system_init)
    finsh_thread_entry                       0x080015f9   Thumb Code   612  shell.o(i.finsh_thread_entry)
    hello                                    0x080018fd   Thumb Code    12  cmd.o(i.hello)
    led_task_entry                           0x0800191d   Thumb Code    44  app_rt_thread.o(i.led_task_entry)
    list                                     0x0800194d   Thumb Code    50  cmd.o(i.list)
    list_sem                                 0x08001a3d   Thumb Code   214  cmd.o(i.list_sem)
    list_thread                              0x08001b7d   Thumb Code   250  cmd.o(i.list_thread)
    list_timer                               0x08001d35   Thumb Code   160  cmd.o(i.list_timer)
    $Super$$main                             0x08001e75   Thumb Code    46  main.o(i.main)
    main_thread_entry                        0x08001ea9   Thumb Code    14  components.o(i.main_thread_entry)
    msh_auto_complete                        0x08001f91   Thumb Code   150  msh.o(i.msh_auto_complete)
    msh_exec                                 0x0800203d   Thumb Code    74  msh.o(i.msh_exec)
    msh_help                                 0x080020a1   Thumb Code    58  msh.o(i.msh_help)
    msh_is_used                              0x08002119   Thumb Code     4  msh.o(i.msh_is_used)
    rt_application_init                      0x08002335   Thumb Code    44  components.o(i.rt_application_init)
    rt_components_board_init                 0x08002371   Thumb Code    20  components.o(i.rt_components_board_init)
    rt_components_init                       0x0800238d   Thumb Code    20  components.o(i.rt_components_init)
    rt_enter_critical                        0x080023a9   Thumb Code    22  scheduler.o(i.rt_enter_critical)
    rt_exit_critical                         0x080023c5   Thumb Code    52  scheduler.o(i.rt_exit_critical)
    rt_hw_board_init                         0x080023fd   Thumb Code    38  board.o(i.rt_hw_board_init)
    rt_hw_console_getchar                    0x08002425   Thumb Code    34  board.o(i.rt_hw_console_getchar)
    rt_hw_console_output                     0x0800244d   Thumb Code    66  board.o(i.rt_hw_console_output)
    rt_hw_hard_fault_exception               0x08002495   Thumb Code   186  cpuport.o(i.rt_hw_hard_fault_exception)
    rt_hw_stack_init                         0x08002691   Thumb Code    52  cpuport.o(i.rt_hw_stack_init)
    rt_interrupt_enter                       0x080026c9   Thumb Code    22  irq.o(i.rt_interrupt_enter)
    rt_interrupt_leave                       0x080026e5   Thumb Code    22  irq.o(i.rt_interrupt_leave)
    rt_kprintf                               0x08002701   Thumb Code    28  kservice.o(i.rt_kprintf)
    rt_memmove                               0x08002775   Thumb Code    50  kservice.o(i.rt_memmove)
    rt_memset                                0x080027a9   Thumb Code    70  kservice.o(i.rt_memset)
    rt_object_detach                         0x080027ef   Thumb Code    36  object.o(i.rt_object_detach)
    rt_object_get_information                0x08002815   Thumb Code    30  object.o(i.rt_object_get_information)
    rt_object_init                           0x08002839   Thumb Code    82  object.o(i.rt_object_init)
    rt_object_is_systemobject                0x0800288b   Thumb Code    14  object.o(i.rt_object_is_systemobject)
    rt_schedule                              0x08002899   Thumb Code    76  scheduler.o(i.rt_schedule)
    rt_schedule_insert_thread                0x080028f1   Thumb Code    70  scheduler.o(i.rt_schedule_insert_thread)
    rt_schedule_remove_thread                0x08002941   Thumb Code    64  scheduler.o(i.rt_schedule_remove_thread)
    rt_sem_init                              0x08002989   Thumb Code    36  ipc.o(i.rt_sem_init)
    rt_show_version                          0x080029ad   Thumb Code    40  kservice.o(i.rt_show_version)
    rt_strlen                                0x08002a5d   Thumb Code    16  kservice.o(i.rt_strlen)
    rt_strncpy                               0x08002a6d   Thumb Code    38  kservice.o(i.rt_strncpy)
    rt_system_scheduler_init                 0x08002a95   Thumb Code    44  scheduler.o(i.rt_system_scheduler_init)
    rt_system_scheduler_start                0x08002ac9   Thumb Code    32  scheduler.o(i.rt_system_scheduler_start)
    rt_system_timer_init                     0x08002af1   Thumb Code     8  timer.o(i.rt_system_timer_init)
    rt_system_timer_thread_init              0x08002afd   Thumb Code     2  timer.o(i.rt_system_timer_thread_init)
    rt_thread_delay                          0x08002aff   Thumb Code     4  thread.o(i.rt_thread_delay)
    rt_thread_exit                           0x08002b05   Thumb Code    82  thread.o(i.rt_thread_exit)
    rt_thread_idle_init                      0x08002b65   Thumb Code    40  idle.o(i.rt_thread_idle_init)
    rt_thread_init                           0x08002b9d   Thumb Code    48  thread.o(i.rt_thread_init)
    rt_thread_mdelay                         0x08002bcd   Thumb Code    14  thread.o(i.rt_thread_mdelay)
    rt_thread_resume                         0x08002bdb   Thumb Code    60  thread.o(i.rt_thread_resume)
    rt_thread_self                           0x08002c19   Thumb Code     6  thread.o(i.rt_thread_self)
    rt_thread_sleep                          0x08002c25   Thumb Code    60  thread.o(i.rt_thread_sleep)
    rt_thread_startup                        0x08002c65   Thumb Code    40  thread.o(i.rt_thread_startup)
    rt_thread_suspend                        0x08002c91   Thumb Code    66  thread.o(i.rt_thread_suspend)
    rt_thread_timeout                        0x08002cd3   Thumb Code    32  thread.o(i.rt_thread_timeout)
    rt_thread_yield                          0x08002cf5   Thumb Code    86  thread.o(i.rt_thread_yield)
    rt_tick_from_millisecond                 0x08002d55   Thumb Code    50  clock.o(i.rt_tick_from_millisecond)
    rt_tick_get                              0x08002d89   Thumb Code     6  clock.o(i.rt_tick_get)
    rt_tick_increase                         0x08002d95   Thumb Code    38  clock.o(i.rt_tick_increase)
    rt_timer_check                           0x08002dc1   Thumb Code   136  timer.o(i.rt_timer_check)
    rt_timer_control                         0x08002e4d   Thumb Code    72  timer.o(i.rt_timer_control)
    rt_timer_detach                          0x08002e95   Thumb Code    40  timer.o(i.rt_timer_detach)
    rt_timer_init                            0x08002ebd   Thumb Code    48  timer.o(i.rt_timer_init)
    rt_timer_start                           0x08002eed   Thumb Code   126  timer.o(i.rt_timer_start)
    rt_timer_stop                            0x08002f71   Thumb Code    46  timer.o(i.rt_timer_stop)
    rt_vsnprintf                             0x08002fa1   Thumb Code   634  kservice.o(i.rt_vsnprintf)
    rtthread_startup                         0x08003235   Thumb Code    42  components.o(i.rtthread_startup)
    version                                  0x0800338d   Thumb Code    10  cmd.o(i.version)
    AHBPrescTable                            0x08003396   Data          16  system_stm32f1xx.o(.constdata)
    APBPrescTable                            0x080033a6   Data           8  system_stm32f1xx.o(.constdata)
    __lowest_bit_bitmap                      0x080033ae   Data         256  kservice.o(.constdata)
    __fsym_hello_name                        0x08003514   Data           6  cmd.o(.rodata.name)
    __fsym_hello_desc                        0x0800351a   Data          16  cmd.o(.rodata.name)
    __fsym_version_name                      0x0800352a   Data           8  cmd.o(.rodata.name)
    __fsym_version_desc                      0x08003532   Data          35  cmd.o(.rodata.name)
    __fsym___cmd_version_name                0x08003555   Data          14  cmd.o(.rodata.name)
    __fsym___cmd_version_desc                0x08003563   Data          35  cmd.o(.rodata.name)
    __fsym_list_thread_name                  0x08003586   Data          12  cmd.o(.rodata.name)
    __fsym_list_thread_desc                  0x08003592   Data          12  cmd.o(.rodata.name)
    __fsym___cmd_list_thread_name            0x0800359e   Data          18  cmd.o(.rodata.name)
    __fsym___cmd_list_thread_desc            0x080035b0   Data          12  cmd.o(.rodata.name)
    __fsym_list_sem_name                     0x080035bc   Data           9  cmd.o(.rodata.name)
    __fsym_list_sem_desc                     0x080035c5   Data          25  cmd.o(.rodata.name)
    __fsym___cmd_list_sem_name               0x080035de   Data          15  cmd.o(.rodata.name)
    __fsym___cmd_list_sem_desc               0x080035ed   Data          25  cmd.o(.rodata.name)
    __fsym_list_timer_name                   0x08003606   Data          11  cmd.o(.rodata.name)
    __fsym_list_timer_desc                   0x08003611   Data          21  cmd.o(.rodata.name)
    __fsym___cmd_list_timer_name             0x08003626   Data          17  cmd.o(.rodata.name)
    __fsym___cmd_list_timer_desc             0x08003637   Data          21  cmd.o(.rodata.name)
    __fsym_list_name                         0x0800364c   Data           5  cmd.o(.rodata.name)
    __fsym_list_desc                         0x08003651   Data          26  cmd.o(.rodata.name)
    __fsym___cmd_help_name                   0x0800366b   Data          11  msh.o(.rodata.name)
    __fsym___cmd_help_desc                   0x08003676   Data          22  msh.o(.rodata.name)
    __fsym___cmd_ps_name                     0x0800368c   Data           9  msh.o(.rodata.name)
    __fsym___cmd_ps_desc                     0x08003695   Data          28  msh.o(.rodata.name)
    __rt_init_rti_start                      0x080036b4   Data           4  components.o(.rti_fn.0)
    __rt_init_rti_board_start                0x080036b8   Data           4  components.o(.rti_fn.0.end)
    __rt_init_uart_init                      0x080036bc   Data           4  board.o(.rti_fn.1)
    __rt_init_rti_board_end                  0x080036c0   Data           4  components.o(.rti_fn.1.end)
    __rt_init_finsh_system_init              0x080036c4   Data           4  shell.o(.rti_fn.6)
    __rt_init_rti_end                        0x080036c8   Data           4  components.o(.rti_fn.6.end)
    FSymTab$$Base                            0x080036cc   Number         0  cmd.o(FSymTab)
    __fsym_hello                             0x080036cc   Data          12  cmd.o(FSymTab)
    __fsym_version                           0x080036d8   Data          12  cmd.o(FSymTab)
    __fsym___cmd_version                     0x080036e4   Data          12  cmd.o(FSymTab)
    __fsym_list_thread                       0x080036f0   Data          12  cmd.o(FSymTab)
    __fsym___cmd_list_thread                 0x080036fc   Data          12  cmd.o(FSymTab)
    __fsym_list_sem                          0x08003708   Data          12  cmd.o(FSymTab)
    __fsym___cmd_list_sem                    0x08003714   Data          12  cmd.o(FSymTab)
    __fsym_list_timer                        0x08003720   Data          12  cmd.o(FSymTab)
    __fsym___cmd_list_timer                  0x0800372c   Data          12  cmd.o(FSymTab)
    __fsym_list                              0x08003738   Data          12  cmd.o(FSymTab)
    __fsym___cmd_help                        0x08003744   Data          12  msh.o(FSymTab)
    __fsym___cmd_ps                          0x08003750   Data          12  msh.o(FSymTab)
    FSymTab$$Limit                           0x0800375c   Number         0  msh.o(FSymTab)
    Region$$Table$$Base                      0x0800375c   Number         0  anon$$obj.o(Region$$Table)
    Region$$Table$$Limit                     0x0800377c   Number         0  anon$$obj.o(Region$$Table)
    uwTickFreq                               0x20000000   Data           1  stm32f1xx_hal.o(.data)
    uwTickPrio                               0x20000004   Data           4  stm32f1xx_hal.o(.data)
    uwTick                                   0x20000008   Data           4  stm32f1xx_hal.o(.data)
    SystemCoreClock                          0x2000000c   Data           4  system_stm32f1xx.o(.data)
    rt_interrupt_nest                        0x20000014   Data           1  irq.o(.data)
    rt_current_priority                      0x20000048   Data           1  scheduler.o(.data)
    rt_current_thread                        0x2000004c   Data           4  scheduler.o(.data)
    rt_thread_ready_priority_group           0x20000050   Data           4  scheduler.o(.data)
    rt_thread_defunct                        0x20000054   Data           8  scheduler.o(.data)
    rt_interrupt_from_thread                 0x2000006c   Data           4  cpuport.o(.data)
    rt_interrupt_to_thread                   0x20000070   Data           4  cpuport.o(.data)
    rt_thread_switch_interrupt_flag          0x20000074   Data           4  cpuport.o(.data)
    _syscall_table_begin                     0x20000078   Data           4  shell.o(.data)
    _syscall_table_end                       0x2000007c   Data           4  shell.o(.data)
    _sysvar_table_begin                      0x20000080   Data           4  shell.o(.data)
    _sysvar_table_end                        0x20000084   Data           4  shell.o(.data)
    shell                                    0x2000008c   Data           4  shell.o(.data)
    huart1                                   0x20000090   Data          68  usart.o(.bss)
    led_thread                               0x200000d4   Data         120  app_rt_thread.o(.bss)
    rt_led_thread_stack                      0x2000014c   Data         128  app_rt_thread.o(.bss)
    main_thread                              0x200005d0   Data         120  components.o(.bss)
    rt_thread_priority_table                 0x200007c0   Data         256  scheduler.o(.bss)
    _shell                                   0x20000e00   Data         120  shell.o(.bss)
    __libspace_start                         0x20000e78   Data          96  libspace.o(.bss)
    __temporary_stack_top$libspace           0x20000ed8   Data           0  libspace.o(.bss)



==============================================================================

Memory Map of the image

  Image Entry point : 0x080000ed

  Load Region LR_IROM1 (Base: 0x08000000, Size: 0x0000380c, Max: 0x00010000, ABSOLUTE)

    Execution Region ER_IROM1 (Exec base: 0x08000000, Load base: 0x08000000, Size: 0x0000377c, Max: 0x00010000, ABSOLUTE)

    Exec Addr    Load Addr    Size         Type   Attr      Idx    E Section Name        Object

    0x08000000   0x08000000   0x000000ec   Data   RO            3    RESET               startup_stm32f103xb.o
    0x080000ec   0x080000ec   0x00000008   Code   RO         2928  * !!!main             c_w.l(__main.o)
    0x080000f4   0x080000f4   0x00000034   Code   RO         3242    !!!scatter          c_w.l(__scatter.o)
    0x08000128   0x08000128   0x0000001a   Code   RO         3244    !!handler_copy      c_w.l(__scatter_copy.o)
    0x08000142   0x08000142   0x00000002   PAD
    0x08000144   0x08000144   0x0000001c   Code   RO         3246    !!handler_zi        c_w.l(__scatter_zi.o)
    0x08000160   0x08000160   0x00000002   Code   RO         3053    .ARM.Collect$$libinit$$00000000  c_w.l(libinit.o)
    0x08000162   0x08000162   0x00000000   Code   RO         3055    .ARM.Collect$$libinit$$00000002  c_w.l(libinit2.o)
    0x08000162   0x08000162   0x00000000   Code   RO         3057    .ARM.Collect$$libinit$$00000004  c_w.l(libinit2.o)
    0x08000162   0x08000162   0x00000000   Code   RO         3060    .ARM.Collect$$libinit$$0000000A  c_w.l(libinit2.o)
    0x08000162   0x08000162   0x00000000   Code   RO         3062    .ARM.Collect$$libinit$$0000000C  c_w.l(libinit2.o)
    0x08000162   0x08000162   0x00000000   Code   RO         3064    .ARM.Collect$$libinit$$0000000E  c_w.l(libinit2.o)
    0x08000162   0x08000162   0x00000000   Code   RO         3067    .ARM.Collect$$libinit$$00000011  c_w.l(libinit2.o)
    0x08000162   0x08000162   0x00000000   Code   RO         3069    .ARM.Collect$$libinit$$00000013  c_w.l(libinit2.o)
    0x08000162   0x08000162   0x00000000   Code   RO         3071    .ARM.Collect$$libinit$$00000015  c_w.l(libinit2.o)
    0x08000162   0x08000162   0x00000000   Code   RO         3073    .ARM.Collect$$libinit$$00000017  c_w.l(libinit2.o)
    0x08000162   0x08000162   0x00000000   Code   RO         3075    .ARM.Collect$$libinit$$00000019  c_w.l(libinit2.o)
    0x08000162   0x08000162   0x00000000   Code   RO         3077    .ARM.Collect$$libinit$$0000001B  c_w.l(libinit2.o)
    0x08000162   0x08000162   0x00000000   Code   RO         3079    .ARM.Collect$$libinit$$0000001D  c_w.l(libinit2.o)
    0x08000162   0x08000162   0x00000000   Code   RO         3081    .ARM.Collect$$libinit$$0000001F  c_w.l(libinit2.o)
    0x08000162   0x08000162   0x00000000   Code   RO         3083    .ARM.Collect$$libinit$$00000021  c_w.l(libinit2.o)
    0x08000162   0x08000162   0x00000000   Code   RO         3085    .ARM.Collect$$libinit$$00000023  c_w.l(libinit2.o)
    0x08000162   0x08000162   0x00000000   Code   RO         3087    .ARM.Collect$$libinit$$00000025  c_w.l(libinit2.o)
    0x08000162   0x08000162   0x00000000   Code   RO         3091    .ARM.Collect$$libinit$$0000002C  c_w.l(libinit2.o)
    0x08000162   0x08000162   0x00000000   Code   RO         3093    .ARM.Collect$$libinit$$0000002E  c_w.l(libinit2.o)
    0x08000162   0x08000162   0x00000000   Code   RO         3095    .ARM.Collect$$libinit$$00000030  c_w.l(libinit2.o)
    0x08000162   0x08000162   0x00000000   Code   RO         3097    .ARM.Collect$$libinit$$00000032  c_w.l(libinit2.o)
    0x08000162   0x08000162   0x00000002   Code   RO         3098    .ARM.Collect$$libinit$$00000033  c_w.l(libinit2.o)
    0x08000164   0x08000164   0x00000002   Code   RO         3221    .ARM.Collect$$libshutdown$$00000000  c_w.l(libshutdown.o)
    0x08000166   0x08000166   0x00000000   Code   RO         3100    .ARM.Collect$$libshutdown$$00000002  c_w.l(libshutdown2.o)
    0x08000166   0x08000166   0x00000000   Code   RO         3102    .ARM.Collect$$libshutdown$$00000004  c_w.l(libshutdown2.o)
    0x08000166   0x08000166   0x00000000   Code   RO         3105    .ARM.Collect$$libshutdown$$00000007  c_w.l(libshutdown2.o)
    0x08000166   0x08000166   0x00000000   Code   RO         3108    .ARM.Collect$$libshutdown$$0000000A  c_w.l(libshutdown2.o)
    0x08000166   0x08000166   0x00000000   Code   RO         3110    .ARM.Collect$$libshutdown$$0000000C  c_w.l(libshutdown2.o)
    0x08000166   0x08000166   0x00000000   Code   RO         3113    .ARM.Collect$$libshutdown$$0000000F  c_w.l(libshutdown2.o)
    0x08000166   0x08000166   0x00000002   Code   RO         3114    .ARM.Collect$$libshutdown$$00000010  c_w.l(libshutdown2.o)
    0x08000168   0x08000168   0x00000000   Code   RO         2930    .ARM.Collect$$rtentry$$00000000  c_w.l(__rtentry.o)
    0x08000168   0x08000168   0x00000000   Code   RO         2940    .ARM.Collect$$rtentry$$00000002  c_w.l(__rtentry2.o)
    0x08000168   0x08000168   0x00000006   Code   RO         2952    .ARM.Collect$$rtentry$$00000004  c_w.l(__rtentry4.o)
    0x0800016e   0x0800016e   0x00000000   Code   RO         2942    .ARM.Collect$$rtentry$$00000009  c_w.l(__rtentry2.o)
    0x0800016e   0x0800016e   0x00000004   Code   RO         2943    .ARM.Collect$$rtentry$$0000000A  c_w.l(__rtentry2.o)
    0x08000172   0x08000172   0x00000000   Code   RO         2945    .ARM.Collect$$rtentry$$0000000C  c_w.l(__rtentry2.o)
    0x08000172   0x08000172   0x00000008   Code   RO         2946    .ARM.Collect$$rtentry$$0000000D  c_w.l(__rtentry2.o)
    0x0800017a   0x0800017a   0x00000002   Code   RO         3121    .ARM.Collect$$rtexit$$00000000  c_w.l(rtexit.o)
    0x0800017c   0x0800017c   0x00000000   Code   RO         3167    .ARM.Collect$$rtexit$$00000002  c_w.l(rtexit2.o)
    0x0800017c   0x0800017c   0x00000004   Code   RO         3168    .ARM.Collect$$rtexit$$00000003  c_w.l(rtexit2.o)
    0x08000180   0x08000180   0x00000006   Code   RO         3169    .ARM.Collect$$rtexit$$00000004  c_w.l(rtexit2.o)
    0x08000186   0x08000186   0x00000002   PAD
    0x08000188   0x08000188   0x00000040   Code   RO            4    .text               startup_stm32f103xb.o
    0x080001c8   0x080001c8   0x000000f4   Code   RO         1796    .text               context_rvds.o
    0x080002bc   0x080002bc   0x00000048   Code   RO         2910    .text               c_w.l(strcpy.o)
    0x08000304   0x08000304   0x0000003e   Code   RO         2912    .text               c_w.l(strlen.o)
    0x08000342   0x08000342   0x00000096   Code   RO         2914    .text               c_w.l(strncmp.o)
    0x080003d8   0x080003d8   0x00000018   Code   RO         2916    .text               c_w.l(strcat.o)
    0x080003f0   0x080003f0   0x00000064   Code   RO         2918    .text               c_w.l(rt_memcpy_w.o)
    0x08000454   0x08000454   0x00000044   Code   RO         2920    .text               c_w.l(rt_memclr.o)
    0x08000498   0x08000498   0x0000004e   Code   RO         2922    .text               c_w.l(rt_memclr_w.o)
    0x080004e6   0x080004e6   0x00000056   Code   RO         2924    .text               c_w.l(strncpy.o)
    0x0800053c   0x0800053c   0x00000006   Code   RO         2926    .text               c_w.l(heapauxi.o)
    0x08000542   0x08000542   0x0000004a   Code   RO         2971    .text               c_w.l(sys_stackheap_outer.o)
    0x0800058c   0x0800058c   0x00000012   Code   RO         3042    .text               c_w.l(exit.o)
    0x0800059e   0x0800059e   0x00000002   PAD
    0x080005a0   0x080005a0   0x00000008   Code   RO         3115    .text               c_w.l(libspace.o)
    0x080005a8   0x080005a8   0x00000002   Code   RO         3118    .text               c_w.l(use_no_semi.o)
    0x080005aa   0x080005aa   0x00000000   Code   RO         3120    .text               c_w.l(indicate_semi.o)
    0x080005aa   0x080005aa   0x00000002   PAD
    0x080005ac   0x080005ac   0x0000000c   Code   RO         3164    .text               c_w.l(sys_exit.o)
    0x080005b8   0x080005b8   0x0000000a   Code   RO         1841    i.$Sub$$main        components.o
    0x080005c2   0x080005c2   0x00000002   Code   RO          214    i.BusFault_Handler  stm32f1xx_it.o
    0x080005c4   0x080005c4   0x00000002   Code   RO          215    i.DebugMon_Handler  stm32f1xx_it.o
    0x080005c6   0x080005c6   0x00000004   Code   RO           13    i.Error_Handler     main.o
    0x080005ca   0x080005ca   0x00000002   PAD
    0x080005cc   0x080005cc   0x000001e0   Code   RO          708    i.HAL_GPIO_Init     stm32f1xx_hal_gpio.o
    0x080007ac   0x080007ac   0x00000010   Code   RO          711    i.HAL_GPIO_TogglePin  stm32f1xx_hal_gpio.o
    0x080007bc   0x080007bc   0x0000000a   Code   RO          712    i.HAL_GPIO_WritePin  stm32f1xx_hal_gpio.o
    0x080007c6   0x080007c6   0x00000002   PAD
    0x080007c8   0x080007c8   0x0000000c   Code   RO          404    i.HAL_GetTick       stm32f1xx_hal.o
    0x080007d4   0x080007d4   0x00000024   Code   RO          411    i.HAL_Init          stm32f1xx_hal.o
    0x080007f8   0x080007f8   0x00000040   Code   RO          412    i.HAL_InitTick      stm32f1xx_hal.o
    0x08000838   0x08000838   0x0000003c   Code   RO          265    i.HAL_MspInit       stm32f1xx_hal_msp.o
    0x08000874   0x08000874   0x00000040   Code   RO          874    i.HAL_NVIC_SetPriority  stm32f1xx_hal_cortex.o
    0x080008b4   0x080008b4   0x00000024   Code   RO          875    i.HAL_NVIC_SetPriorityGrouping  stm32f1xx_hal_cortex.o
    0x080008d8   0x080008d8   0x0000012c   Code   RO          568    i.HAL_RCC_ClockConfig  stm32f1xx_hal_rcc.o
    0x08000a04   0x08000a04   0x0000000c   Code   RO          573    i.HAL_RCC_GetHCLKFreq  stm32f1xx_hal_rcc.o
    0x08000a10   0x08000a10   0x00000020   Code   RO          575    i.HAL_RCC_GetPCLK1Freq  stm32f1xx_hal_rcc.o
    0x08000a30   0x08000a30   0x00000020   Code   RO          576    i.HAL_RCC_GetPCLK2Freq  stm32f1xx_hal_rcc.o
    0x08000a50   0x08000a50   0x0000006c   Code   RO          577    i.HAL_RCC_GetSysClockFreq  stm32f1xx_hal_rcc.o
    0x08000abc   0x08000abc   0x00000320   Code   RO          580    i.HAL_RCC_OscConfig  stm32f1xx_hal_rcc.o
    0x08000ddc   0x08000ddc   0x00000028   Code   RO          879    i.HAL_SYSTICK_Config  stm32f1xx_hal_cortex.o
    0x08000e04   0x08000e04   0x00000062   Code   RO         1433    i.HAL_UART_Init     stm32f1xx_hal_uart.o
    0x08000e66   0x08000e66   0x00000002   PAD
    0x08000e68   0x08000e68   0x00000070   Code   RO          163    i.HAL_UART_MspInit  usart.o
    0x08000ed8   0x08000ed8   0x000000b2   Code   RO         1441    i.HAL_UART_Transmit  stm32f1xx_hal_uart.o
    0x08000f8a   0x08000f8a   0x00000002   PAD
    0x08000f8c   0x08000f8c   0x00000070   Code   RO          138    i.MX_GPIO_Init      gpio.o
    0x08000ffc   0x08000ffc   0x00000034   Code   RO          289    i.MX_RT_Thread_Init  app_rt_thread.o
    0x08001030   0x08001030   0x00000038   Code   RO          164    i.MX_USART1_UART_Init  usart.o
    0x08001068   0x08001068   0x00000002   Code   RO          216    i.MemManage_Handler  stm32f1xx_it.o
    0x0800106a   0x0800106a   0x00000002   Code   RO          217    i.NMI_Handler       stm32f1xx_it.o
    0x0800106c   0x0800106c   0x00000012   Code   RO         2599    i.SysTick_Handler   board.o
    0x0800107e   0x0800107e   0x0000005e   Code   RO           14    i.SystemClock_Config  main.o
    0x080010dc   0x080010dc   0x00000068   Code   RO         1761    i.SystemCoreClockUpdate  system_stm32f1xx.o
    0x08001144   0x08001144   0x00000002   Code   RO         1762    i.SystemInit        system_stm32f1xx.o
    0x08001146   0x08001146   0x00000002   PAD
    0x08001148   0x08001148   0x000000b8   Code   RO         1459    i.UART_SetConfig    stm32f1xx_hal_uart.o
    0x08001200   0x08001200   0x00000064   Code   RO         1462    i.UART_WaitOnFlagUntilTimeout  stm32f1xx_hal_uart.o
    0x08001264   0x08001264   0x00000002   Code   RO          218    i.UsageFault_Handler  stm32f1xx_it.o
    0x08001266   0x08001266   0x00000020   Code   RO          881    i.__NVIC_SetPriority  stm32f1xx_hal_cortex.o
    0x08001286   0x08001286   0x00000002   PAD
    0x08001288   0x08001288   0x00000044   Code   RO         2029    i.__rt_ffs          kservice.o
    0x080012cc   0x080012cc   0x0000009c   Code   RO         2759    i._msh_exec_cmd     msh.o
    0x08001368   0x08001368   0x00000080   Code   RO         2336    i._rt_thread_init   thread.o
    0x080013e8   0x080013e8   0x00000006   Code   RO         2454    i._rt_timer_remove  timer.o
    0x080013ee   0x080013ee   0x0000001c   Code   RO         2337    i._thread_cleanup_execute  thread.o
    0x0800140a   0x0800140a   0x00000002   PAD
    0x0800140c   0x0800140c   0x000000e8   Code   RO         2534    i.bus_fault_track   cpuport.o
    0x080014f4   0x080014f4   0x0000000a   Code   RO         2760    i.cmd_ps            msh.o
    0x080014fe   0x080014fe   0x00000002   PAD
    0x08001500   0x08001500   0x00000060   Code   RO         2823    i.finsh_get_prompt  shell.o
    0x08001560   0x08001560   0x00000014   Code   RO         2826    i.finsh_set_prompt_mode  shell.o
    0x08001574   0x08001574   0x0000000c   Code   RO         2827    i.finsh_system_function_init  shell.o
    0x08001580   0x08001580   0x00000078   Code   RO         2828    i.finsh_system_init  shell.o
    0x080015f8   0x080015f8   0x0000028c   Code   RO         2830    i.finsh_thread_entry  shell.o
    0x08001884   0x08001884   0x00000078   Code   RO         2535    i.hard_fault_track  cpuport.o
    0x080018fc   0x080018fc   0x00000020   Code   RO         2647    i.hello             cmd.o
    0x0800191c   0x0800191c   0x00000030   Code   RO          291    i.led_task_entry    app_rt_thread.o
    0x0800194c   0x0800194c   0x00000064   Code   RO         2648    i.list              cmd.o
    0x080019b0   0x080019b0   0x00000024   Code   RO         2649    i.list_find_init    cmd.o
    0x080019d4   0x080019d4   0x00000066   Code   RO         2650    i.list_get_next     cmd.o
    0x08001a3a   0x08001a3a   0x00000002   PAD
    0x08001a3c   0x08001a3c   0x00000140   Code   RO         2651    i.list_sem          cmd.o
    0x08001b7c   0x08001b7c   0x000001b8   Code   RO         2652    i.list_thread       cmd.o
    0x08001d34   0x08001d34   0x00000140   Code   RO         2653    i.list_timer        cmd.o
    0x08001e74   0x08001e74   0x00000034   Code   RO           15    i.main              main.o
    0x08001ea8   0x08001ea8   0x0000000e   Code   RO         1842    i.main_thread_entry  components.o
    0x08001eb6   0x08001eb6   0x00000002   PAD
    0x08001eb8   0x08001eb8   0x000000d8   Code   RO         2536    i.mem_manage_fault_track  cpuport.o
    0x08001f90   0x08001f90   0x000000ac   Code   RO         2761    i.msh_auto_complete  msh.o
    0x0800203c   0x0800203c   0x00000064   Code   RO         2762    i.msh_exec          msh.o
    0x080020a0   0x080020a0   0x00000078   Code   RO         2763    i.msh_help          msh.o
    0x08002118   0x08002118   0x00000004   Code   RO         2764    i.msh_is_used       msh.o
    0x0800211c   0x0800211c   0x000000d0   Code   RO         2765    i.msh_split         msh.o
    0x080021ec   0x080021ec   0x00000018   Code   RO         2654    i.object_split      cmd.o
    0x08002204   0x08002204   0x00000130   Code   RO         2031    i.print_number      kservice.o
    0x08002334   0x08002334   0x0000003c   Code   RO         1843    i.rt_application_init  components.o
    0x08002370   0x08002370   0x0000001c   Code   RO         1844    i.rt_components_board_init  components.o
    0x0800238c   0x0800238c   0x0000001c   Code   RO         1845    i.rt_components_init  components.o
    0x080023a8   0x080023a8   0x0000001c   Code   RO         2269    i.rt_enter_critical  scheduler.o
    0x080023c4   0x080023c4   0x00000038   Code   RO         2270    i.rt_exit_critical  scheduler.o
    0x080023fc   0x080023fc   0x00000026   Code   RO         2600    i.rt_hw_board_init  board.o
    0x08002422   0x08002422   0x00000002   PAD
    0x08002424   0x08002424   0x00000028   Code   RO         2601    i.rt_hw_console_getchar  board.o
    0x0800244c   0x0800244c   0x00000048   Code   RO         2602    i.rt_hw_console_output  board.o
    0x08002494   0x08002494   0x000001fc   Code   RO         2540    i.rt_hw_hard_fault_exception  cpuport.o
    0x08002690   0x08002690   0x00000038   Code   RO         2541    i.rt_hw_stack_init  cpuport.o
    0x080026c8   0x080026c8   0x0000001c   Code   RO         2002    i.rt_interrupt_enter  irq.o
    0x080026e4   0x080026e4   0x0000001c   Code   RO         2004    i.rt_interrupt_leave  irq.o
    0x08002700   0x08002700   0x00000020   Code   RO         2034    i.rt_kprintf        kservice.o
    0x08002720   0x08002720   0x0000000e   Code   RO         2338    i.rt_list_insert_after  thread.o
    0x0800272e   0x0800272e   0x0000000e   Code   RO         2455    i.rt_list_insert_after  timer.o
    0x0800273c   0x0800273c   0x00000012   Code   RO         2655    i.rt_list_len       cmd.o
    0x0800274e   0x0800274e   0x00000012   Code   RO         2339    i.rt_list_remove    thread.o
    0x08002760   0x08002760   0x00000012   Code   RO         2456    i.rt_list_remove    timer.o
    0x08002772   0x08002772   0x00000002   PAD
    0x08002774   0x08002774   0x00000032   Code   RO         2038    i.rt_memmove        kservice.o
    0x080027a6   0x080027a6   0x00000002   PAD
    0x080027a8   0x080027a8   0x00000046   Code   RO         2039    i.rt_memset         kservice.o
    0x080027ee   0x080027ee   0x00000024   Code   RO         2203    i.rt_object_detach  object.o
    0x08002812   0x08002812   0x00000002   PAD
    0x08002814   0x08002814   0x00000024   Code   RO         2205    i.rt_object_get_information  object.o
    0x08002838   0x08002838   0x00000052   Code   RO         2209    i.rt_object_init    object.o
    0x0800288a   0x0800288a   0x0000000e   Code   RO         2210    i.rt_object_is_systemobject  object.o
    0x08002898   0x08002898   0x00000058   Code   RO         2271    i.rt_schedule       scheduler.o
    0x080028f0   0x080028f0   0x00000050   Code   RO         2272    i.rt_schedule_insert_thread  scheduler.o
    0x08002940   0x08002940   0x00000048   Code   RO         2273    i.rt_schedule_remove_thread  scheduler.o
    0x08002988   0x08002988   0x00000024   Code   RO         1951    i.rt_sem_init       ipc.o
    0x080029ac   0x080029ac   0x000000b0   Code   RO         2041    i.rt_show_version   kservice.o
    0x08002a5c   0x08002a5c   0x00000010   Code   RO         2046    i.rt_strlen         kservice.o
    0x08002a6c   0x08002a6c   0x00000026   Code   RO         2048    i.rt_strncpy        kservice.o
    0x08002a92   0x08002a92   0x00000002   PAD
    0x08002a94   0x08002a94   0x00000034   Code   RO         2274    i.rt_system_scheduler_init  scheduler.o
    0x08002ac8   0x08002ac8   0x00000028   Code   RO         2275    i.rt_system_scheduler_start  scheduler.o
    0x08002af0   0x08002af0   0x0000000c   Code   RO         2457    i.rt_system_timer_init  timer.o
    0x08002afc   0x08002afc   0x00000002   Code   RO         2458    i.rt_system_timer_thread_init  timer.o
    0x08002afe   0x08002afe   0x00000004   Code   RO         2341    i.rt_thread_delay   thread.o
    0x08002b02   0x08002b02   0x00000002   PAD
    0x08002b04   0x08002b04   0x0000005c   Code   RO         2344    i.rt_thread_exit    thread.o
    0x08002b60   0x08002b60   0x00000002   Code   RO         1916    i.rt_thread_idle_entry  idle.o
    0x08002b62   0x08002b62   0x00000002   PAD
    0x08002b64   0x08002b64   0x00000038   Code   RO         1919    i.rt_thread_idle_init  idle.o
    0x08002b9c   0x08002b9c   0x00000030   Code   RO         2346    i.rt_thread_init    thread.o
    0x08002bcc   0x08002bcc   0x0000000e   Code   RO         2347    i.rt_thread_mdelay  thread.o
    0x08002bda   0x08002bda   0x0000003c   Code   RO         2348    i.rt_thread_resume  thread.o
    0x08002c16   0x08002c16   0x00000002   PAD
    0x08002c18   0x08002c18   0x0000000c   Code   RO         2349    i.rt_thread_self    thread.o
    0x08002c24   0x08002c24   0x00000040   Code   RO         2350    i.rt_thread_sleep   thread.o
    0x08002c64   0x08002c64   0x0000002c   Code   RO         2351    i.rt_thread_startup  thread.o
    0x08002c90   0x08002c90   0x00000042   Code   RO         2352    i.rt_thread_suspend  thread.o
    0x08002cd2   0x08002cd2   0x00000020   Code   RO         2353    i.rt_thread_timeout  thread.o
    0x08002cf2   0x08002cf2   0x00000002   PAD
    0x08002cf4   0x08002cf4   0x00000060   Code   RO         2354    i.rt_thread_yield   thread.o
    0x08002d54   0x08002d54   0x00000032   Code   RO         1801    i.rt_tick_from_millisecond  clock.o
    0x08002d86   0x08002d86   0x00000002   PAD
    0x08002d88   0x08002d88   0x0000000c   Code   RO         1802    i.rt_tick_get       clock.o
    0x08002d94   0x08002d94   0x0000002c   Code   RO         1803    i.rt_tick_increase  clock.o
    0x08002dc0   0x08002dc0   0x0000008c   Code   RO         2459    i.rt_timer_check    timer.o
    0x08002e4c   0x08002e4c   0x00000048   Code   RO         2460    i.rt_timer_control  timer.o
    0x08002e94   0x08002e94   0x00000028   Code   RO         2461    i.rt_timer_detach   timer.o
    0x08002ebc   0x08002ebc   0x00000030   Code   RO         2462    i.rt_timer_init     timer.o
    0x08002eec   0x08002eec   0x00000084   Code   RO         2464    i.rt_timer_start    timer.o
    0x08002f70   0x08002f70   0x0000002e   Code   RO         2465    i.rt_timer_stop     timer.o
    0x08002f9e   0x08002f9e   0x00000002   PAD
    0x08002fa0   0x08002fa0   0x00000284   Code   RO         2051    i.rt_vsnprintf      kservice.o
    0x08003224   0x08003224   0x00000004   Code   RO         1846    i.rti_board_end     components.o
    0x08003228   0x08003228   0x00000004   Code   RO         1847    i.rti_board_start   components.o
    0x0800322c   0x0800322c   0x00000004   Code   RO         1848    i.rti_end           components.o
    0x08003230   0x08003230   0x00000004   Code   RO         1849    i.rti_start         components.o
    0x08003234   0x08003234   0x0000002a   Code   RO         1850    i.rtthread_startup  components.o
    0x0800325e   0x0800325e   0x00000028   Code   RO         2053    i.skip_atoi         kservice.o
    0x08003286   0x08003286   0x00000002   PAD
    0x08003288   0x08003288   0x00000034   Code   RO         2603    i.uart_init         board.o
    0x080032bc   0x080032bc   0x000000d0   Code   RO         2542    i.usage_fault_track  cpuport.o
    0x0800338c   0x0800338c   0x0000000a   Code   RO         2656    i.version           cmd.o
    0x08003396   0x08003396   0x00000010   Data   RO         1763    .constdata          system_stm32f1xx.o
    0x080033a6   0x080033a6   0x00000008   Data   RO         1764    .constdata          system_stm32f1xx.o
    0x080033ae   0x080033ae   0x00000122   Data   RO         2055    .constdata          kservice.o
    0x080034d0   0x080034d0   0x00000044   Data   RO         2657    .conststring        cmd.o
    0x08003514   0x08003514   0x00000006   Data   RO         2658    .rodata.name        cmd.o
    0x0800351a   0x0800351a   0x00000010   Data   RO         2659    .rodata.name        cmd.o
    0x0800352a   0x0800352a   0x00000008   Data   RO         2660    .rodata.name        cmd.o
    0x08003532   0x08003532   0x00000023   Data   RO         2661    .rodata.name        cmd.o
    0x08003555   0x08003555   0x0000000e   Data   RO         2662    .rodata.name        cmd.o
    0x08003563   0x08003563   0x00000023   Data   RO         2663    .rodata.name        cmd.o
    0x08003586   0x08003586   0x0000000c   Data   RO         2664    .rodata.name        cmd.o
    0x08003592   0x08003592   0x0000000c   Data   RO         2665    .rodata.name        cmd.o
    0x0800359e   0x0800359e   0x00000012   Data   RO         2666    .rodata.name        cmd.o
    0x080035b0   0x080035b0   0x0000000c   Data   RO         2667    .rodata.name        cmd.o
    0x080035bc   0x080035bc   0x00000009   Data   RO         2668    .rodata.name        cmd.o
    0x080035c5   0x080035c5   0x00000019   Data   RO         2669    .rodata.name        cmd.o
    0x080035de   0x080035de   0x0000000f   Data   RO         2670    .rodata.name        cmd.o
    0x080035ed   0x080035ed   0x00000019   Data   RO         2671    .rodata.name        cmd.o
    0x08003606   0x08003606   0x0000000b   Data   RO         2672    .rodata.name        cmd.o
    0x08003611   0x08003611   0x00000015   Data   RO         2673    .rodata.name        cmd.o
    0x08003626   0x08003626   0x00000011   Data   RO         2674    .rodata.name        cmd.o
    0x08003637   0x08003637   0x00000015   Data   RO         2675    .rodata.name        cmd.o
    0x0800364c   0x0800364c   0x00000005   Data   RO         2676    .rodata.name        cmd.o
    0x08003651   0x08003651   0x0000001a   Data   RO         2677    .rodata.name        cmd.o
    0x0800366b   0x0800366b   0x0000000b   Data   RO         2766    .rodata.name        msh.o
    0x08003676   0x08003676   0x00000016   Data   RO         2767    .rodata.name        msh.o
    0x0800368c   0x0800368c   0x00000009   Data   RO         2768    .rodata.name        msh.o
    0x08003695   0x08003695   0x0000001c   Data   RO         2769    .rodata.name        msh.o
    0x080036b1   0x080036b1   0x00000003   PAD
    0x080036b4   0x080036b4   0x00000004   Data   RO         1852    .rti_fn.0           components.o
    0x080036b8   0x080036b8   0x00000004   Data   RO         1853    .rti_fn.0.end       components.o
    0x080036bc   0x080036bc   0x00000004   Data   RO         2605    .rti_fn.1           board.o
    0x080036c0   0x080036c0   0x00000004   Data   RO         1854    .rti_fn.1.end       components.o
    0x080036c4   0x080036c4   0x00000004   Data   RO         2833    .rti_fn.6           shell.o
    0x080036c8   0x080036c8   0x00000004   Data   RO         1855    .rti_fn.6.end       components.o
    0x080036cc   0x080036cc   0x00000078   Data   RO         2678    FSymTab             cmd.o
    0x08003744   0x08003744   0x00000018   Data   RO         2770    FSymTab             msh.o
    0x0800375c   0x0800375c   0x00000020   Data   RO         3240    Region$$Table       anon$$obj.o


    Execution Region RW_IRAM1 (Exec base: 0x20000000, Load base: 0x0800377c, Size: 0x000014d8, Max: 0x00005000, ABSOLUTE)

    Exec Addr    Load Addr    Size         Type   Attr      Idx    E Section Name        Object

    0x20000000   0x0800377c   0x0000000c   Data   RW          418    .data               stm32f1xx_hal.o
    0x2000000c   0x08003788   0x00000004   Data   RW         1765    .data               system_stm32f1xx.o
    0x20000010   0x0800378c   0x00000004   Data   RW         1805    .data               clock.o
    0x20000014   0x08003790   0x00000001   Data   RW         2005    .data               irq.o
    0x20000015   0x08003791   0x00000003   PAD
    0x20000018   0x08003794   0x00000030   Data   RW         2212    .data               object.o
    0x20000048   0x080037c4   0x00000014   Data   RW         2277    .data               scheduler.o
    0x2000005c   0x080037d8   0x0000000c   Data   RW         2466    .data               timer.o
    0x20000068   0x080037e4   0x00000004   Data   RW         2543    .data               cpuport.o
    0x2000006c   0x080037e8   0x00000004   Data   RW         2544    .data               cpuport.o
    0x20000070   0x080037ec   0x00000004   Data   RW         2545    .data               cpuport.o
    0x20000074   0x080037f0   0x00000004   Data   RW         2546    .data               cpuport.o
    0x20000078   0x080037f4   0x00000018   Data   RW         2832    .data               shell.o
    0x20000090        -       0x00000044   Zero   RW          166    .bss                usart.o
    0x200000d4        -       0x000000f8   Zero   RW          292    .bss                app_rt_thread.o
    0x200001cc   0x0800380c   0x00000004   PAD
    0x200001d0        -       0x00000478   Zero   RW         1851    .bss                components.o
    0x20000648        -       0x000000f8   Zero   RW         1920    .bss                idle.o
    0x20000740        -       0x00000080   Zero   RW         2054    .bss                kservice.o
    0x200007c0        -       0x00000100   Zero   RW         2276    .bss                scheduler.o
    0x200008c0        -       0x00000044   Zero   RW         2604    .bss                board.o
    0x20000904        -       0x00000574   Zero   RW         2831    .bss                shell.o
    0x20000e78        -       0x00000060   Zero   RW         3116    .bss                c_w.l(libspace.o)
    0x20000ed8        -       0x00000200   Zero   RW            2    HEAP                startup_stm32f103xb.o
    0x200010d8        -       0x00000400   Zero   RW            1    STACK               startup_stm32f103xb.o


==============================================================================

Image component sizes


      Code (inc. data)   RO Data    RW Data    ZI Data      Debug   Object Name

       100         16          0          0        248       8260   app_rt_thread.o
       220         22          4          0         68       3690   board.o
       106         12          0          4          0       1812   clock.o
      1402        532        531          0          0      13136   cmd.o
       198         32         16          0       1144       5980   components.o
       244         28          0          0          0        800   context_rvds.o
      1340        718          0         16          0       5650   cpuport.o
       112          8          0          0          0        839   gpio.o
        58         16          0          0        248       1692   idle.o
        36          0          0          0          0       4114   ipc.o
        56         12          0          1          0       1614   irq.o
      1438        160        290          0        128      10921   kservice.o
       150          6          0          0          0     394528   main.o
       770        162         94          0          0       7077   msh.o
       168          6          0         48          0       6248   object.o
       416         56          0         20        256       8202   scheduler.o
       900        116          4         24       1396      10367   shell.o
        64         26        236          0       1536        772   startup_stm32f103xb.o
       112         20          0         12          0       4583   stm32f1xx_hal.o
       172         14          0          0          0      28090   stm32f1xx_hal_cortex.o
       506         34          0          0          0       3345   stm32f1xx_hal_gpio.o
        60          8          0          0          0        794   stm32f1xx_hal_msp.o
      1284        106          0          0          0       5364   stm32f1xx_hal_rcc.o
       560          6          0          0          0       3748   stm32f1xx_hal_uart.o
        10          0          0          0          0       1961   stm32f1xx_it.o
       106         22         24          4          0       1591   system_stm32f1xx.o
       720         44          0          0          0      12110   thread.o
       530         20          0         12          0      10360   timer.o
       168         20          0          0         68       1622   usart.o

    ----------------------------------------------------------------------
     12050       2222       1234        144       5096     559270   Object Totals
         0          0         32          0          0          0   (incl. Generated)
        44          0          3          3          4          0   (incl. Padding)

    ----------------------------------------------------------------------

      Code (inc. data)   RO Data    RW Data    ZI Data      Debug   Library Member Name

         8          0          0          0          0         68   __main.o
         0          0          0          0          0          0   __rtentry.o
        12          0          0          0          0          0   __rtentry2.o
         6          0          0          0          0          0   __rtentry4.o
        52          8          0          0          0          0   __scatter.o
        26          0          0          0          0          0   __scatter_copy.o
        28          0          0          0          0          0   __scatter_zi.o
        18          0          0          0          0         80   exit.o
         6          0          0          0          0        152   heapauxi.o
         0          0          0          0          0          0   indicate_semi.o
         2          0          0          0          0          0   libinit.o
         2          0          0          0          0          0   libinit2.o
         2          0          0          0          0          0   libshutdown.o
         2          0          0          0          0          0   libshutdown2.o
         8          4          0          0         96         68   libspace.o
        68          0          0          0          0         68   rt_memclr.o
        78          0          0          0          0         80   rt_memclr_w.o
       100          0          0          0          0         80   rt_memcpy_w.o
         2          0          0          0          0          0   rtexit.o
        10          0          0          0          0          0   rtexit2.o
        24          0          0          0          0         68   strcat.o
        72          0          0          0          0         80   strcpy.o
        62          0          0          0          0         76   strlen.o
       150          0          0          0          0         80   strncmp.o
        86          0          0          0          0         76   strncpy.o
        12          4          0          0          0         68   sys_exit.o
        74          0          0          0          0         80   sys_stackheap_outer.o
         2          0          0          0          0         68   use_no_semi.o

    ----------------------------------------------------------------------
       920         16          0          0         96       1192   Library Totals
         8          0          0          0          0          0   (incl. Padding)

    ----------------------------------------------------------------------

      Code (inc. data)   RO Data    RW Data    ZI Data      Debug   Library Name

       912         16          0          0         96       1192   c_w.l

    ----------------------------------------------------------------------
       920         16          0          0         96       1192   Library Totals

    ----------------------------------------------------------------------

==============================================================================


      Code (inc. data)   RO Data    RW Data    ZI Data      Debug   

     12970       2238       1234        144       5192     553126   Grand Totals
     12970       2238       1234        144       5192     553126   ELF Image Totals
     12970       2238       1234        144          0          0   ROM Totals

==============================================================================

    Total RO  Size (Code + RO Data)                14204 (  13.87kB)
    Total RW  Size (RW Data + ZI Data)              5336 (   5.21kB)
    Total ROM Size (Code + RO Data + RW Data)      14348 (  14.01kB)

==============================================================================

